Link map of __startup
  1] __startup (func,global) found in MPC5604B_Startup_c.obj 
   2] __start (func,global) found in librt_E200z0_VLE_Soft.a D:\w\EPPC\workspace_codegen\ewl\EWL_Runtime\Runtime_PA_CmdLineData\librt_E200z0_VLE_Soft\obj\__start.o
    3] __init_registers (func,weak) found in librt_E200z0_VLE_Soft.a D:\w\EPPC\workspace_codegen\ewl\EWL_Runtime\Runtime_PA_CmdLineData\librt_E200z0_VLE_Soft\obj\__start.o
     4] _stack_addr found as linker generated symbol
     4] _SDA2_BASE_ found as linker generated symbol
     4] _SDA_BASE_ found as linker generated symbol
    3] __init_hardware (func,global) found in __ppc_eabi_init_c.obj 
     4] usr_init (func,global) found in MPC5604B_init_ram_c.obj 
      5] EXCEP_InitExceptionHandlers (func,global) found in Exceptions_c.obj 
       6] EXCEPTION_HANDLERS found as linker generated symbol
      5] INTC_InitINTCInterrupts (func,global) found in IntcInterrupts_c.obj 
       6] INTCInterruptsHandlerTable (object,global) found in IntcInterrupts_c.obj 
    3] __init_data (func,weak) found in librt_E200z0_VLE_Soft.a D:\w\EPPC\workspace_codegen\ewl\EWL_Runtime\Runtime_PA_CmdLineData\librt_E200z0_VLE_Soft\obj\__start.o
     4] _rom_copy_info (object,global) found in Linker Generated Symbol File 
     4] __copy_rom_section (func,global) found in librt_E200z0_VLE_Soft.a D:\w\EPPC\workspace_codegen\ewl\EWL_Runtime\Runtime_PA_CmdLineData\librt_E200z0_VLE_Soft\obj\__start.o
      5] memcpy (func,global) found in librt_E200z0_VLE_Soft.a D:\w\EPPC\workspace_codegen\ewl\EWL_Runtime\Runtime_PA_CmdLineData\librt_E200z0_VLE_Soft\obj\__mem.o
      5] __flush_cache (func,global) found in __ppc_eabi_init_c.obj 
     4] _bss_init_info (object,global) found in Linker Generated Symbol File 
     4] __init_bss_section (func,global) found in librt_E200z0_VLE_Soft.a D:\w\EPPC\workspace_codegen\ewl\EWL_Runtime\Runtime_PA_CmdLineData\librt_E200z0_VLE_Soft\obj\__start.o
      5] memset (func,global) found in librt_E200z0_VLE_Soft.a D:\w\EPPC\workspace_codegen\ewl\EWL_Runtime\Runtime_PA_CmdLineData\librt_E200z0_VLE_Soft\obj\__mem.o
       6] __fill_mem (func,global) found in librt_E200z0_VLE_Soft.a D:\w\EPPC\workspace_codegen\ewl\EWL_Runtime\Runtime_PA_CmdLineData\librt_E200z0_VLE_Soft\obj\__mem.o
    3] __init_user (func,global) found in __ppc_eabi_init_c.obj 
     4] FlashConfig (func,global) found in __ppc_eabi_init_c.obj 
      5] @22 (object,local) found in __ppc_eabi_init_c.obj 
    3] main (func,global) found in main_c.obj 
     4] init_all_and_POST (func,global) found in init_c.obj 
      5] disable_watchdog (func,global) found in init_c.obj 
      5] init_modes_and_clock (func,global) found in init_c.obj 
      5] initEMIOS_0MotorAndSteer (func,global) found in init_c.obj 
      5] initEMIOS_0Image (func,global) found in init_c.obj 
       6] FieldInputCapture (func,global) found in video_c.obj 
        7] prow (object,global) found in video_c.obj 
        7] crow (object,global) found in video_c.obj 
       6] INTC_InstallINTCInterruptHandler (func,global) found in IntcInterrupts_c.obj 
      5] init_DSPI_1 (func,global) found in sdcard_c.obj 
      5] init_pit (func,global) found in init_c.obj 
       6] PitISR (func,global) found in control_c.obj 
        7] g_f_pit (object,global) found in control_c.obj 
        7] g_time_basis_PIT (object,global) found in control_c.obj 
        7] data_encoder (object,global) found in control_c.obj 
        7] g_f_enable_speed_control (object,global) found in control_c.obj 
        7] DoubleSpeedControl (func,global) found in control_c.obj 
         8] targetspeed (object,global) found in control_c.obj 
         8] tsl (object,global) found in control_c.obj 
         8] tsr (object,global) found in control_c.obj 
         8] csl (object,global) found in control_c.obj 
         8] ErrorLeft (object,global) found in control_c.obj 
         8] csr (object,global) found in control_c.obj 
         8] ErrorRight (object,global) found in control_c.obj 
         8] SumErrorLeft (object,global) found in control_c.obj 
         8] SumErrorRight (object,global) found in control_c.obj 
         8] _d_itod (func,global) found in librt_E200z0_VLE_Soft.a E:\CW_Dev\eppc_support\Do_Not_Distribute\zen_fpemu\Src\vle_ppcsfpe.o
          9] d_Xtod_common (notype,local) found in librt_E200z0_VLE_Soft.a E:\CW_Dev\eppc_support\Do_Not_Distribute\zen_fpemu\Src\vle_ppcsfpe.o
           10] _d_lltod (func,global) found in librt_E200z0_VLE_Soft.a E:\CW_Dev\eppc_support\Do_Not_Distribute\zen_fpemu\Src\vle_ppcsfpe.o
            11] proloque (func,local) found in librt_E200z0_VLE_Soft.a E:\CW_Dev\eppc_support\Do_Not_Distribute\zen_fpemu\Src\vle_ppcsfpe.o
            11] epiloque (notype,local) found in librt_E200z0_VLE_Soft.a E:\CW_Dev\eppc_support\Do_Not_Distribute\zen_fpemu\Src\vle_ppcsfpe.o
            11] d_coerce_result_prepare (notype,local) found in librt_E200z0_VLE_Soft.a E:\CW_Dev\eppc_support\Do_Not_Distribute\zen_fpemu\Src\vle_ppcsfpe.o
             12] _d_mul (func,global) found in librt_E200z0_VLE_Soft.a E:\CW_Dev\eppc_support\Do_Not_Distribute\zen_fpemu\Src\vle_ppcsfpe.o
              13] d_unpack_2 (notype,local) found in librt_E200z0_VLE_Soft.a E:\CW_Dev\eppc_support\Do_Not_Distribute\zen_fpemu\Src\vle_ppcsfpe.o
               14] d_unpack_1 (func,local) found in librt_E200z0_VLE_Soft.a E:\CW_Dev\eppc_support\Do_Not_Distribute\zen_fpemu\Src\vle_ppcsfpe.o
              13] load_rounding_cr_simple (notype,local) found in librt_E200z0_VLE_Soft.a E:\CW_Dev\eppc_support\Do_Not_Distribute\zen_fpemu\Src\vle_ppcsfpe.o
               14] load_rounding_0x2000 (func,local) found in librt_E200z0_VLE_Soft.a E:\CW_Dev\eppc_support\Do_Not_Distribute\zen_fpemu\Src\vle_ppcsfpe.o
                15] __SoftFPSCR (object,local) found in librt_E200z0_VLE_Soft.a E:\CW_Dev\eppc_support\Do_Not_Distribute\zen_fpemu\Src\vle_ppcsfpe.o
              13] load_rounding_0x0200 (notype,local) found in librt_E200z0_VLE_Soft.a E:\CW_Dev\eppc_support\Do_Not_Distribute\zen_fpemu\Src\vle_ppcsfpe.o
              13] d_double_result_and_exit (notype,local) found in librt_E200z0_VLE_Soft.a E:\CW_Dev\eppc_support\Do_Not_Distribute\zen_fpemu\Src\vle_ppcsfpe.o
              13] load_rounding_0x0a00 (notype,local) found in librt_E200z0_VLE_Soft.a E:\CW_Dev\eppc_support\Do_Not_Distribute\zen_fpemu\Src\vle_ppcsfpe.o
              13] load_rounding_0x1200 (notype,local) found in librt_E200z0_VLE_Soft.a E:\CW_Dev\eppc_support\Do_Not_Distribute\zen_fpemu\Src\vle_ppcsfpe.o
         8] Speed_ki_Left (object,global) found in control_c.obj 
         8] Speed_kp_Left (object,global) found in control_c.obj 
         8] _d_add (func,global) found in librt_E200z0_VLE_Soft.a E:\CW_Dev\eppc_support\Do_Not_Distribute\zen_fpemu\Src\vle_ppcsfpe.o
          9] d_coerce_result_precalculated_data (notype,local) found in librt_E200z0_VLE_Soft.a E:\CW_Dev\eppc_support\Do_Not_Distribute\zen_fpemu\Src\vle_ppcsfpe.o
          9] d_result_is_x (notype,local) found in librt_E200z0_VLE_Soft.a E:\CW_Dev\eppc_support\Do_Not_Distribute\zen_fpemu\Src\vle_ppcsfpe.o
          9] d_result_is_number_x (notype,local) found in librt_E200z0_VLE_Soft.a E:\CW_Dev\eppc_support\Do_Not_Distribute\zen_fpemu\Src\vle_ppcsfpe.o
          9] d_y_is_NaN (notype,local) found in librt_E200z0_VLE_Soft.a E:\CW_Dev\eppc_support\Do_Not_Distribute\zen_fpemu\Src\vle_ppcsfpe.o
          9] d_both_NaNs (notype,local) found in librt_E200z0_VLE_Soft.a E:\CW_Dev\eppc_support\Do_Not_Distribute\zen_fpemu\Src\vle_ppcsfpe.o
          9] d_x_is_NaN (notype,local) found in librt_E200z0_VLE_Soft.a E:\CW_Dev\eppc_support\Do_Not_Distribute\zen_fpemu\Src\vle_ppcsfpe.o
          9] d_result_is_INF (notype,local) found in librt_E200z0_VLE_Soft.a E:\CW_Dev\eppc_support\Do_Not_Distribute\zen_fpemu\Src\vle_ppcsfpe.o
          9] d_result_is_Invalid (notype,local) found in librt_E200z0_VLE_Soft.a E:\CW_Dev\eppc_support\Do_Not_Distribute\zen_fpemu\Src\vle_ppcsfpe.o
         8] PreErrorLeft (object,global) found in control_c.obj 
         8] Speed_kd_Left (object,global) found in control_c.obj 
         8] _d_dtoi (func,global) found in librt_E200z0_VLE_Soft.a E:\CW_Dev\eppc_support\Do_Not_Distribute\zen_fpemu\Src\vle_ppcsfpe.o
          9] Xtoshort_common (notype,local) found in librt_E200z0_VLE_Soft.a E:\CW_Dev\eppc_support\Do_Not_Distribute\zen_fpemu\Src\vle_ppcsfpe.o
           10] _f_ftoi (func,global) found in librt_E200z0_VLE_Soft.a E:\CW_Dev\eppc_support\Do_Not_Distribute\zen_fpemu\Src\vle_ppcsfpe.o
            11] f_unpack_1 (func,local) found in librt_E200z0_VLE_Soft.a E:\CW_Dev\eppc_support\Do_Not_Distribute\zen_fpemu\Src\vle_ppcsfpe.o
            11] Xtolong_common (notype,local) found in librt_E200z0_VLE_Soft.a E:\CW_Dev\eppc_support\Do_Not_Distribute\zen_fpemu\Src\vle_ppcsfpe.o
         8] Speed_kp_Right (object,global) found in control_c.obj 
         8] PreErrorRight (object,global) found in control_c.obj 
         8] Motor_PWM_MAX (object,global) found in control_c.obj 
         8] Motor_PWM_MIN (object,global) found in control_c.obj 
         8] SET_motor (func,global) found in control_c.obj 
      5] delay_ms (func,global) found in init_c.obj 
       6] delay_us (func,global) found in init_c.obj 
      5] init_pit_1s_L (func,global) found in init_c.obj 
       6] Pit_1s_L (func,global) found in init_c.obj 
        7] @LOCAL@Pit_1s_L__Fv@time_counter (object,local) found in init_c.obj 
        7] Lcounter (object,global) found in init_c.obj 
        7] DoorC (object,global) found in init_c.obj 
        7] WIFICHEKER (object,global) found in init_c.obj 
        7] sending_waiter (object,global) found in init_c.obj 
        7] sending_test (object,global) found in init_c.obj 
        7] Door_Status (object,global) found in action_c.obj 
        7] Door_Stop (object,global) found in action_c.obj 
      5] init_led (func,global) found in init_c.obj 
      5] init_DIP (func,global) found in init_c.obj 
      5] init_serial_port_0 (func,global) found in UART_c.obj 
       6] intc_serial_port_0_RX (func,global) found in UART_c.obj 
        7] g_serial_port_0_f (object,global) found in UART_c.obj 
        7] g_serial_port_0_data (object,global) found in UART_c.obj 
        7] rev_remote_frame_2 (func,global) found in WiFi_c.obj 
         8] g_remote_frame_cnt (object,global) found in WiFi_c.obj 
         8] remote_frame_data (object,global) found in WiFi_c.obj 
         8] g_device_NO (object,global) found in WiFi_c.obj 
         8] check_sum (func,global) found in WiFi_c.obj 
         8] g_remote_frame_state (object,global) found in WiFi_c.obj 
      5] init_optical_encoder (func,global) found in init_c.obj 
      5] init_choose_mode (func,global) found in init_c.obj 
       6] mode (object,global) found in init_c.obj 
      5] enable_irq (func,global) found in init_c.obj 
      5] initLCD (func,global) found in lcd_c.obj 
       6] LCD_WrCmd (func,global) found in lcd_c.obj 
       6] LCD_Fill (func,global) found in lcd_c.obj 
        7] LCD_WrDat (func,global) found in lcd_c.obj 
       6] LCD_Set_Pos (func,global) found in lcd_c.obj 
      5] g_device_NO_Hex (object,global) found in WiFi_c.obj 
      5] update_steer_helm_basement_to_steer_helm (func,global) found in control_c.obj 
       6] data_steer_helm (object,global) found in control_c.obj 
       6] data_steer_helm_basement (object,global) found in control_c.obj 
      5] @386 (object,local) found in init_c.obj 
      5] LCD_P8x16Str (func,global) found in lcd_c.obj 
       6] F8X16 (object,global) found in lcd_c.obj 
      5] LCD_PrintoutInt (func,global) found in lcd_c.obj 
       6] LCD_Printbyte (func,global) found in lcd_c.obj 
        7] LCD_P14x16Str (func,global) found in lcd_c.obj 
         8] F14x16_Idx (object,global) found in lcd_c.obj 
         8] F14x16 (object,global) found in lcd_c.obj 
      5] set_steer_helm_basement (func,global) found in control_c.obj 
      5] @387 (object,local) found in init_c.obj 
      5] @388 (object,local) found in init_c.obj 
      5] @389 (object,local) found in init_c.obj 
      5] @390 (object,local) found in init_c.obj 
    3] exit (func,global) found in libc_E200z0_VLE_Soft.a D:\w\EPPC\workspace_codegen\ewl\EWL_C\EWL_C.PA_CmdLineData\libc_E200z0_VLE_Soft\obj\abort_exit.o
    3] >>> UNREFERENCED DUPLICATE exit
    3] >>> (func,weak) found in __ppc_eabi_init_c.obj 
     4] __destroy_global_chain (func,global) found in librt_E200z0_VLE_Soft.a D:\w\EPPC\workspace_codegen\ewl\EWL_Runtime\Runtime_PA_CmdLineData\librt_E200z0_VLE_Soft\obj\global_destructor_chain.o
      5] __global_destructor_chain (object,global) found in librt_E200z0_VLE_Soft.a D:\w\EPPC\workspace_codegen\ewl\EWL_Runtime\Runtime_PA_CmdLineData\librt_E200z0_VLE_Soft\obj\global_destructor_chain.o
     4] __stdio_exit (object,global) found in libc_E200z0_VLE_Soft.a D:\w\EPPC\workspace_codegen\ewl\EWL_C\EWL_C.PA_CmdLineData\libc_E200z0_VLE_Soft\obj\abort_exit.o
     4] __console_exit (object,global) found in libc_E200z0_VLE_Soft.a D:\w\EPPC\workspace_codegen\ewl\EWL_C\EWL_C.PA_CmdLineData\libc_E200z0_VLE_Soft\obj\abort_exit.o
     4] _ExitProcess (func,weak) found in __ppc_eabi_init_c.obj 
     4] __restore_frame_and_exit (func,global) found in librt_E200z0_VLE_Soft.a D:\w\EPPC\workspace_codegen\ewl\EWL_Runtime\Runtime_PA_CmdLineData\librt_E200z0_VLE_Soft\obj\runtime.o
  1] EXCEP_DefaultExceptionHandler (func,global) found in Exceptions_c.obj 
  1] INTC_INTCInterruptHandler (func,global) found in IntcInterrupts_c.obj 
  1] ivor_branch_table_p0 (func,global) found in ivor_branch_table_c.obj 
    3] .init (section,local) found in MPC5604B_init_ram_c.obj 
    3] .init.11 (notype,local) found in MPC5604B_init_ram_c.obj 
    3] .init (section,local) found in MPC5604B_Startup_c.obj 
    3] .init.21 (notype,local) found in MPC5604B_Startup_c.obj 
    3] .text (section,local) found in video_c.obj 
    3] .text.549 (notype,local) found in video_c.obj 
    3] .text (section,local) found in sdcard_c.obj 
    3] .text.660 (notype,local) found in sdcard_c.obj 
    3] .text (section,local) found in main_c.obj 
    3] .text.312 (notype,local) found in main_c.obj 
    3] .text (section,local) found in lcd_c.obj 
    3] .text.730 (notype,local) found in lcd_c.obj 
    3] .ivor_branch_table (section,local) found in ivor_branch_table_c.obj 
    3] .ivor_branch_table.24 (notype,local) found in ivor_branch_table_c.obj 
    3] .text (section,local) found in init_c.obj 
    3] .text.426 (notype,local) found in init_c.obj 
    3] .text (section,local) found in control_c.obj 
    3] .text.492 (notype,local) found in control_c.obj 
    3] .text (section,local) found in action_c.obj 
    3] .text.404 (notype,local) found in action_c.obj 
    3] .text (section,local) found in WiFi_c.obj 
    3] .text.1043 (notype,local) found in WiFi_c.obj 
    3] .text (section,local) found in UART_c.obj 
    3] .text.492 (notype,local) found in UART_c.obj 
    3] .text (section,local) found in libc_E200z0_VLE_Soft.a D:\w\EPPC\workspace_codegen\ewl\EWL_C\EWL_C.PA_CmdLineData\libc_E200z0_VLE_Soft\obj\abort_exit.o
    3] .text.86 (notype,local) found in libc_E200z0_VLE_Soft.a D:\w\EPPC\workspace_codegen\ewl\EWL_C\EWL_C.PA_CmdLineData\libc_E200z0_VLE_Soft\obj\abort_exit.o
    3] .init (section,local) found in librt_E200z0_VLE_Soft.a D:\w\EPPC\workspace_codegen\ewl\EWL_Runtime\Runtime_PA_CmdLineData\librt_E200z0_VLE_Soft\obj\__start.o
    3] .init.104 (notype,local) found in librt_E200z0_VLE_Soft.a D:\w\EPPC\workspace_codegen\ewl\EWL_Runtime\Runtime_PA_CmdLineData\librt_E200z0_VLE_Soft\obj\__start.o
    3] .text (section,local) found in librt_E200z0_VLE_Soft.a D:\w\EPPC\workspace_codegen\ewl\EWL_Runtime\Runtime_PA_CmdLineData\librt_E200z0_VLE_Soft\obj\global_destructor_chain.o
    3] .text.104 (notype,local) found in librt_E200z0_VLE_Soft.a D:\w\EPPC\workspace_codegen\ewl\EWL_Runtime\Runtime_PA_CmdLineData\librt_E200z0_VLE_Soft\obj\global_destructor_chain.o
    3] .text (section,local) found in librt_E200z0_VLE_Soft.a D:\w\EPPC\workspace_codegen\ewl\EWL_Runtime\Runtime_PA_CmdLineData\librt_E200z0_VLE_Soft\obj\runtime.o
    3] .text.205 (notype,local) found in librt_E200z0_VLE_Soft.a D:\w\EPPC\workspace_codegen\ewl\EWL_Runtime\Runtime_PA_CmdLineData\librt_E200z0_VLE_Soft\obj\runtime.o
    3] .text (section,local) found in MPC5604B_HWInit_c.obj 
    3] .text.12 (notype,local) found in MPC5604B_HWInit_c.obj 
    3] .text (section,local) found in time_c.obj 
    3] .text.554 (notype,local) found in time_c.obj 
    3] .text (section,local) found in supersonic_c.obj 
    3] .text.877 (notype,local) found in supersonic_c.obj 


.ivor_branch_table section layout
  Starting        Virtual  File
  address  Size   address  offset
  ---------------------------------
  00000000 0000f2 40000000 00000180  1 .ivor_branch_table 	ivor_branch_table_c.obj 
  00000000 0000f2 40000000 00000180 16 ivor_branch_table_p0 	ivor_branch_table_c.obj 
  000000f2 000000 400000f2 00000272  1 .ivor_branch_table.24 	ivor_branch_table_c.obj 


.intc_hw_branch_table section layout
  Starting        Virtual  File
  address  Size   address  offset
  ---------------------------------


.init section layout
  Starting        Virtual  File
  address  Size   address  offset
  ---------------------------------
  00000000 000080 40001000 00000274  1 .init 	Linker Generated Symbol File 
  00000000 000060 40001000 00000274  4 _rom_copy_info 	Linker Generated Symbol File 
  00000060 000020 40001060 000002d4  4 _bss_init_info 	Linker Generated Symbol File 


.init_vle section layout
  Starting        Virtual  File
  address  Size   address  offset
  ---------------------------------
  00000000 00002c 40001080 000002f4  1 .init 	__ppc_eabi_init_c.obj 
  00000000 00000a 40001080 000002f4  2 __init_hardware 	__ppc_eabi_init_c.obj 
  0000000a 000022 4000108a 000002fe  2 __flush_cache 	__ppc_eabi_init_c.obj 
  0000002c 00000e 400010ac 00000320  1 .init 	MPC5604B_init_ram_c.obj 
  0000002c 00000e 400010ac 00000320  2 usr_init 	MPC5604B_init_ram_c.obj 
  0000003a 000000 400010ba 0000032e  1 .init.11 	MPC5604B_init_ram_c.obj 
  0000003a 000002 400010bc 00000330  4 *fill*
  0000003c 000004 400010bc 00000330  1 .init 	MPC5604B_Startup_c.obj 
  0000003c 000004 400010bc 00000330  4 __startup 	MPC5604B_Startup_c.obj 
  00000040 000000 400010c0 00000334  1 .init.21 	MPC5604B_Startup_c.obj 
  00000040 0000f4 400010c0 00000334  1 .init 	librt_E200z0_VLE_Soft.a D:\w\EPPC\workspace_codegen\ewl\EWL_Runtime\Runtime_PA_CmdLineData\librt_E200z0_VLE_Soft\obj\__start.o
  00000040 000048 400010c0 00000334  2 __start 	librt_E200z0_VLE_Soft.a D:\w\EPPC\workspace_codegen\ewl\EWL_Runtime\Runtime_PA_CmdLineData\librt_E200z0_VLE_Soft\obj\__start.o
  00000088 000030 40001108 0000037c  2 __copy_rom_section 	librt_E200z0_VLE_Soft.a D:\w\EPPC\workspace_codegen\ewl\EWL_Runtime\Runtime_PA_CmdLineData\librt_E200z0_VLE_Soft\obj\__start.o
  000000b8 00000e 40001138 000003ac  2 __init_bss_section 	librt_E200z0_VLE_Soft.a D:\w\EPPC\workspace_codegen\ewl\EWL_Runtime\Runtime_PA_CmdLineData\librt_E200z0_VLE_Soft\obj\__start.o
  000000c6 00001a 40001146 000003ba  2 __init_registers 	librt_E200z0_VLE_Soft.a D:\w\EPPC\workspace_codegen\ewl\EWL_Runtime\Runtime_PA_CmdLineData\librt_E200z0_VLE_Soft\obj\__start.o
  000000e0 000054 40001160 000003d4  2 __init_data 	librt_E200z0_VLE_Soft.a D:\w\EPPC\workspace_codegen\ewl\EWL_Runtime\Runtime_PA_CmdLineData\librt_E200z0_VLE_Soft\obj\__start.o
  00000134 000000 400011b4 00000428  1 .init.104 	librt_E200z0_VLE_Soft.a D:\w\EPPC\workspace_codegen\ewl\EWL_Runtime\Runtime_PA_CmdLineData\librt_E200z0_VLE_Soft\obj\__start.o
  00000134 0000d4 400011b4 00000428  1 .init 	librt_E200z0_VLE_Soft.a D:\w\EPPC\workspace_codegen\ewl\EWL_Runtime\Runtime_PA_CmdLineData\librt_E200z0_VLE_Soft\obj\__mem.o
  00000134 000038 400011b4 00000428  2 memcpy 	librt_E200z0_VLE_Soft.a D:\w\EPPC\workspace_codegen\ewl\EWL_Runtime\Runtime_PA_CmdLineData\librt_E200z0_VLE_Soft\obj\__mem.o
  0000016c 000082 400011ec 00000460  2 __fill_mem 	librt_E200z0_VLE_Soft.a D:\w\EPPC\workspace_codegen\ewl\EWL_Runtime\Runtime_PA_CmdLineData\librt_E200z0_VLE_Soft\obj\__mem.o
  000001ee 00001a 4000126e 000004e2  2 memset 	librt_E200z0_VLE_Soft.a D:\w\EPPC\workspace_codegen\ewl\EWL_Runtime\Runtime_PA_CmdLineData\librt_E200z0_VLE_Soft\obj\__mem.o


.__exception_handlers section layout
  Starting        Virtual  File
  address  Size   address  offset
  ---------------------------------
  00000000 000096 40001290 00000500  1 .__exception_handlers 	IntcInterrupts_c.obj 
  00000000 000096 40001290 00000500 16 INTC_INTCInterruptHandler 	IntcInterrupts_c.obj 
  00000096 00000a 40001330 000005a0 16 *fill*
  000000a0 000002 40001330 000005a0  1 .__exception_handlers 	Exceptions_c.obj 
  000000a0 000002 40001330 000005a0 16 EXCEP_DefaultExceptionHandler 	Exceptions_c.obj 


.text section layout
  Starting        Virtual  File
  address  Size   address  offset
  ---------------------------------


.text_vle section layout
  Starting        Virtual  File
  address  Size   address  offset
  ---------------------------------
  00000000 000052 40001340 000005b0  1 .text 	__ppc_eabi_init_c.obj 
  00000000 00003e 40001340 000005b0  2 FlashConfig 	__ppc_eabi_init_c.obj 
  0000003e 000012 4000137e 000005ee  2 __init_user 	__ppc_eabi_init_c.obj 
  00000050 000002 40001390 00000600  2 _ExitProcess 	__ppc_eabi_init_c.obj 
  00000052 000000 40001392 00000602  1 .text 	MPC5604B_HWInit_c.obj 
  UNUSED   000050 ........ ........    INIT_Derivative MPC5604B_HWInit_c.obj 
  UNUSED   000002 ........ ........    INIT_ExternalBusAndMemory MPC5604B_HWInit_c.obj 
  00000052 000000 40001392 00000602  1 .text.12 	MPC5604B_HWInit_c.obj 
  00000052 000032 40001392 00000602  1 .text 	video_c.obj 
  00000052 000032 40001392 00000602  2 FieldInputCapture 	video_c.obj 
  UNUSED   002178 ........ ........    RowInputCapture video_c.obj 
  UNUSED   0000d4 ........ ........    Video_Image video_c.obj 
  UNUSED   000068 ........ ........    TF_Image video_c.obj 
  UNUSED   000064 ........ ........    Display_Video video_c.obj 
  UNUSED   00009c ........ ........    Send_CCD_Video video_c.obj 
  UNUSED   000058 ........ ........    SetupCCD video_c.obj 
  UNUSED   000138 ........ ........    SetupBKL video_c.obj 
  UNUSED   0000d6 ........ ........    Send_CCD_Blackline video_c.obj 
  UNUSED   000068 ........ ........    Video video_c.obj 
  UNUSED   0000ac ........ ........    CenterLineWithVideo video_c.obj 
  UNUSED   00011c ........ ........    ThreeLine video_c.obj 
  UNUSED   00009a ........ ........    Video_Show video_c.obj 
  00000084 000000 400013c4 00000634  1 .text.549 	video_c.obj 
  00000084 000000 400013c4 00000634  1 .text 	time_c.obj 
  UNUSED   00003c ........ ........    init_I2C time_c.obj 
  UNUSED   000010 ........ ........    disable_I2C time_c.obj 
  UNUSED   0002f2 ........ ........    I2C_read_byte_from_time_module time_c.obj 
  UNUSED   0001d8 ........ ........    I2C_write_byte_to_time_module time_c.obj 
  UNUSED   0001cc ........ ........    I2C_write_byte_to_time_module_2 time_c.obj 
  UNUSED   000322 ........ ........    I2C_read_byte_from_time_module_2 time_c.obj 
  00000084 000000 400013c4 00000634  1 .text.554 	time_c.obj 
  00000084 000000 400013c4 00000634  1 .text 	supersonic_c.obj 
  UNUSED   000096 ........ ........    init_supersonic_trigger_0 supersonic_c.obj 
  UNUSED   0000b4 ........ ........    init_supersonic_trigger_1 supersonic_c.obj 
  UNUSED   0000b4 ........ ........    init_supersonic_trigger_2 supersonic_c.obj 
  UNUSED   0000b4 ........ ........    init_supersonic_trigger_3 supersonic_c.obj 
  UNUSED   00007a ........ ........    init_supersonic_receive_0 supersonic_c.obj 
  UNUSED   00007a ........ ........    init_supersonic_receive_1 supersonic_c.obj 
  UNUSED   00007a ........ ........    init_supersonic_receive_2 supersonic_c.obj 
  UNUSED   00007a ........ ........    init_supersonic_receive_3 supersonic_c.obj 
  UNUSED   00001e ........ ........    trigger_supersonic_0 supersonic_c.obj 
  UNUSED   000026 ........ ........    trigger_supersonic_1 supersonic_c.obj 
  UNUSED   000026 ........ ........    trigger_supersonic_2 supersonic_c.obj 
  UNUSED   000026 ........ ........    trigger_supersonic_3 supersonic_c.obj 
  UNUSED   000058 ........ ........    get_supersonic_time_0 supersonic_c.obj 
  UNUSED   000030 ........ ........    get_supersonic_time_1 supersonic_c.obj 
  UNUSED   000050 ........ ........    get_supersonic_time_2 supersonic_c.obj 
  UNUSED   000028 ........ ........    get_supersonic_time_3 supersonic_c.obj 
  UNUSED   00011a ........ ........    supersonic supersonic_c.obj 
  00000084 000000 400013c4 00000634  1 .text.877 	supersonic_c.obj 
  00000084 0000d4 400013c4 00000634  1 .text 	sdcard_c.obj 
  00000084 0000d4 400013c4 00000634  2 init_DSPI_1 	sdcard_c.obj 
  UNUSED   000012 ........ ........    SD_SPI_to_4M sdcard_c.obj 
  UNUSED   00005a ........ ........    DSPI_read_write_byte sdcard_c.obj 
  UNUSED   00004c ........ ........    DSPI_send_8_clocks sdcard_c.obj 
  UNUSED   000020 ........ ........    SD_init sdcard_c.obj 
  UNUSED   00008a ........ ........    SD_send_cmd sdcard_c.obj 
  UNUSED   000094 ........ ........    SD_reset sdcard_c.obj 
  UNUSED   000082 ........ ........    SD_read_block sdcard_c.obj 
  UNUSED   0000a8 ........ ........    SD_read_multiple_block sdcard_c.obj 
  UNUSED   0000ba ........ ........    SD_write_block sdcard_c.obj 
  UNUSED   0000ea ........ ........    SD_write_multiple_block sdcard_c.obj 
  UNUSED   000034 ........ ........    clear_sd_buffer sdcard_c.obj 
  UNUSED   000076 ........ ........    read_steer_helm_data_from_TF sdcard_c.obj 
  UNUSED   0000a4 ........ ........    write_steer_helm_data_to_TF sdcard_c.obj 
  UNUSED   000076 ........ ........    read_device_no_from_TF sdcard_c.obj 
  UNUSED   00010e ........ ........    test_file_system sdcard_c.obj 
  UNUSED   0001d8 ........ ........    write_camera_data_to_TF sdcard_c.obj 
  00000158 000000 40001498 00000708  1 .text.660 	sdcard_c.obj 
  00000158 00001c 40001498 00000708  1 .text 	main_c.obj 
  00000158 00001c 40001498 00000708  2 main 	main_c.obj 
  UNUSED   00003a ........ ........    Mode0_DebugCamera main_c.obj 
  00000174 000000 400014b4 00000724  1 .text.312 	main_c.obj 
  00000174 000748 400014b4 00000724  1 .text 	lcd_c.obj 
  00000174 00015a 400014b4 00000724  2 initLCD 	lcd_c.obj 
  UNUSED   00002c ........ ........    LCD_DISPLAY lcd_c.obj 
  000002ce 00005a 4000160e 0000087e  2 LCD_WrDat 	lcd_c.obj 
  00000328 00005a 40001668 000008d8  2 LCD_WrCmd 	lcd_c.obj 
  00000382 000046 400016c2 00000932  2 LCD_Set_Pos 	lcd_c.obj 
  000003c8 00005a 40001708 00000978  2 LCD_Fill 	lcd_c.obj 
  UNUSED   00005a ........ ........    LCD_CLS lcd_c.obj 
  UNUSED   000084 ........ ........    LCD_PutPixel lcd_c.obj 
  UNUSED   0000d4 ........ ........    LCD_Rectangle lcd_c.obj 
  UNUSED   000092 ........ ........    LCD_P6x8Str lcd_c.obj 
  00000422 0000ce 40001762 000009d2  2 LCD_P8x16Str 	lcd_c.obj 
  000004f0 000182 40001830 00000aa0  2 LCD_P14x16Str 	lcd_c.obj 
  00000672 0000a2 400019b2 00000c22  2 LCD_Printbyte 	lcd_c.obj 
  UNUSED   0000a2 ........ ........    LCD_PrintbyteS lcd_c.obj 
  00000714 0001a8 40001a54 00000cc4  2 LCD_PrintoutInt 	lcd_c.obj 
  UNUSED   000150 ........ ........    LCD_PrintoutIntS lcd_c.obj 
  UNUSED   0001be ........ ........    LCD_PrintoutFloat lcd_c.obj 
  UNUSED   000384 ........ ........    LCD_Write_Num lcd_c.obj 
  UNUSED   00004c ........ ........    LCD_write_char lcd_c.obj 
  UNUSED   00003e ........ ........    LCD_write_english_string lcd_c.obj 
  000008bc 000000 40001bfc 00000e6c  1 .text.730 	lcd_c.obj 
  000008bc 0009be 40001bfc 00000e6c  1 .text 	init_c.obj 
  000008bc 0000a2 40001bfc 00000e6c  2 init_modes_and_clock 	init_c.obj 
  0000095e 000032 40001c9e 00000f0e  2 disable_watchdog 	init_c.obj 
  00000990 0000f2 40001cd0 00000f40  2 init_led 	init_c.obj 
  00000a82 00002a 40001dc2 00001032  2 init_DIP 	init_c.obj 
  00000aac 000046 40001dec 0000105c  2 init_pit 	init_c.obj 
  00000af2 0002ae 40001e32 000010a2  2 initEMIOS_0MotorAndSteer 	init_c.obj 
  00000da0 0000c8 400020e0 00001350  2 initEMIOS_0Image 	init_c.obj 
  00000e68 00001a 400021a8 00001418  2 init_choose_mode 	init_c.obj 
  00000e82 000018 400021c2 00001432  2 enable_irq 	init_c.obj 
  UNUSED   000026 ........ ........    is_big_endian init_c.obj 
  00000e9a 00011e 400021da 0000144a  2 init_optical_encoder 	init_c.obj 
  00000fb8 000030 400022f8 00001568  2 delay_us 	init_c.obj 
  00000fe8 00002a 40002328 00001598  2 delay_ms 	init_c.obj 
  00001012 000194 40002352 000015c2  2 init_all_and_POST 	init_c.obj 
  UNUSED   000004 ........ ........    suicide init_c.obj 
  000011a6 000046 400024e6 00001756  2 init_pit_1s_L 	init_c.obj 
  000011ec 00008e 4000252c 0000179c  2 Pit_1s_L 	init_c.obj 
  0000127a 000000 400025ba 0000182a  1 .text.426 	init_c.obj 
  0000127a 000436 400025ba 0000182a  1 .text 	control_c.obj 
  0000127a 0000f8 400025ba 0000182a  2 PitISR 	control_c.obj 
  UNUSED   0000e2 ........ ........    set_speed_pwm control_c.obj 
  UNUSED   00006c ........ ........    contorl_speed_encoder_bb control_c.obj 
  UNUSED   000056 ........ ........    get_e0 control_c.obj 
  UNUSED   0000f0 ........ ........    control_speed_encoder_pid control_c.obj 
  00001372 00005e 400026b2 00001922  2 SET_motor 	control_c.obj 
  000013d0 0001be 40002710 00001980  2 DoubleSpeedControl 	control_c.obj 
  UNUSED   000008 ........ ........    set_speed_target control_c.obj 
  UNUSED   000022 ........ ........    set_speed_KP control_c.obj 
  UNUSED   000022 ........ ........    set_speed_KI control_c.obj 
  UNUSED   000022 ........ ........    set_speed_KD control_c.obj 
  UNUSED   000058 ........ ........    set_steer_helm control_c.obj 
  0000158e 00005c 400028ce 00001b3e  2 set_steer_helm_basement 	control_c.obj 
  UNUSED   000020 ........ ........    set_steer_helm_basement_center control_c.obj 
  UNUSED   000022 ........ ........    set_steer_helm_basement_left_limit control_c.obj 
  UNUSED   000022 ........ ........    set_steer_helm_basement_right_limit control_c.obj 
  000015ea 0000c6 4000292a 00001b9a  2 update_steer_helm_basement_to_steer_helm 	control_c.obj 
  UNUSED   000020 ........ ........    diff_time_basis_PIT control_c.obj 
  UNUSED   000002 ........ ........    set_door_pwm control_c.obj 
  UNUSED   000018 ........ ........    Road_Stop control_c.obj 
  000016b0 000000 400029f0 00001c60  1 .text.492 	control_c.obj 
  000016b0 000000 400029f0 00001c60  1 .text 	action_c.obj 
  UNUSED   00005e ........ ........    Car_UTurn action_c.obj 
  UNUSED   000002 ........ ........    set_car_direction action_c.obj 
  UNUSED   000002 ........ ........    RFID_control_car_1_action action_c.obj 
  UNUSED   000002 ........ ........    RFID_control_car_2_action action_c.obj 
  UNUSED   000002 ........ ........    RFID_control_car_3_action action_c.obj 
  UNUSED   000002 ........ ........    RFID_control_car_4_action action_c.obj 
  UNUSED   000002 ........ ........    WiFi_control_car_1_action action_c.obj 
  UNUSED   000002 ........ ........    WiFi_control_car_2_action action_c.obj 
  UNUSED   000002 ........ ........    WiFi_control_car_3_action action_c.obj 
  UNUSED   000002 ........ ........    WiFi_control_car_4_action action_c.obj 
  UNUSED   0001ee ........ ........    control_car_action action_c.obj 
  UNUSED   000032 ........ ........    device_Num_change action_c.obj 
  UNUSED   000002 ........ ........    car_default action_c.obj 
  UNUSED   000002 ........ ........    BMW_Taxi action_c.obj 
  000016b0 000000 400029f0 00001c60  1 .text.404 	action_c.obj 
  000016b0 0001fc 400029f0 00001c60  1 .text 	WiFi_c.obj 
  UNUSED   00013e ........ ........    execute_remote_cmd WiFi_c.obj 
  UNUSED   000020 ........ ........    change_hex_into_dec WiFi_c.obj 
  000016b0 0001d2 400029f0 00001c60  2 rev_remote_frame_2 	WiFi_c.obj 
  UNUSED   00015a ........ ........    generate_remote_frame_2 WiFi_c.obj 
  UNUSED   00002e ........ ........    send_net_cmd WiFi_c.obj 
  00001882 00002a 40002bc2 00001e32  2 check_sum 	WiFi_c.obj 
  UNUSED   000056 ........ ........    report_online WiFi_c.obj 
  UNUSED   00007c ........ ........    send_remote_request_data WiFi_c.obj 
  UNUSED   000030 ........ ........    sending_service_package WiFi_c.obj 
  UNUSED   000056 ........ ........    main_wifi_sender WiFi_c.obj 
  UNUSED   00003c ........ ........    wifi_sender_checker WiFi_c.obj 
  UNUSED   000028 ........ ........    ancillary_wifi_sender WiFi_c.obj 
  UNUSED   00051a ........ ........    Wifi_Ctrl WiFi_c.obj 
  000018ac 000000 40002bec 00001e5c  1 .text.1043 	WiFi_c.obj 
  000018ac 00010a 40002bec 00001e5c  1 .text 	UART_c.obj 
  000018ac 00009e 40002bec 00001e5c  2 init_serial_port_0 	UART_c.obj 
  UNUSED   000044 ........ ........    serial_port_0_TX UART_c.obj 
  UNUSED   000036 ........ ........    serial_port_0_TX_array UART_c.obj 
  0000194a 00006c 40002c8a 00001efa  2 intc_serial_port_0_RX 	UART_c.obj 
  UNUSED   0000ba ........ ........    init_serial_port_1 UART_c.obj 
  UNUSED   000038 ........ ........    serial_port_1_TX UART_c.obj 
  UNUSED   000036 ........ ........    serial_port_1_TX_array UART_c.obj 
  UNUSED   000054 ........ ........    intc_serial_port_1_RX UART_c.obj 
  UNUSED   0000c2 ........ ........    rev_remote_frame_44 UART_c.obj 
  UNUSED   0000ba ........ ........    init_serial_port_2 UART_c.obj 
  UNUSED   000038 ........ ........    serial_port_2_TX UART_c.obj 
  UNUSED   000036 ........ ........    serial_port_2_TX_array UART_c.obj 
  UNUSED   00004a ........ ........    intc_serial_port_2_RX UART_c.obj 
  UNUSED   0000c4 ........ ........    init_serial_port_3 UART_c.obj 
  UNUSED   000038 ........ ........    serial_port_3_TX UART_c.obj 
  UNUSED   000036 ........ ........    serial_port_3_TX_array UART_c.obj 
  UNUSED   00003a ........ ........    intc_serial_port_3_RX UART_c.obj 
  000019b6 000000 40002cf6 00001f66  1 .text.492 	UART_c.obj 
  000019b6 00004e 40002cf6 00001f66  1 .text 	IntcInterrupts_c.obj 
  000019b6 00002c 40002cf6 00001f66  2 INTC_InstallINTCInterruptHandler 	IntcInterrupts_c.obj 
  000019e2 000022 40002d22 00001f92  2 INTC_InitINTCInterrupts 	IntcInterrupts_c.obj 
  00001a04 00000e 40002d44 00001fb4  1 .text 	Exceptions_c.obj 
  00001a04 00000e 40002d44 00001fb4  2 EXCEP_InitExceptionHandlers 	Exceptions_c.obj 
  00001a12 000040 40002d52 00001fc2  1 .text 	libc_E200z0_VLE_Soft.a D:\w\EPPC\workspace_codegen\ewl\EWL_C\EWL_C.PA_CmdLineData\libc_E200z0_VLE_Soft\obj\abort_exit.o
  UNUSED   00002c ........ ........    abort libc_E200z0_VLE_Soft.a D:\w\EPPC\workspace_codegen\ewl\EWL_C\EWL_C.PA_CmdLineData\libc_E200z0_VLE_Soft\obj\abort_exit.o
  UNUSED   000004 ........ ........    atexit libc_E200z0_VLE_Soft.a D:\w\EPPC\workspace_codegen\ewl\EWL_C\EWL_C.PA_CmdLineData\libc_E200z0_VLE_Soft\obj\abort_exit.o
  00001a12 000040 40002d52 00001fc2  2 exit 	libc_E200z0_VLE_Soft.a D:\w\EPPC\workspace_codegen\ewl\EWL_C\EWL_C.PA_CmdLineData\libc_E200z0_VLE_Soft\obj\abort_exit.o
  UNUSED   00002a ........ ........    __atexit libc_E200z0_VLE_Soft.a D:\w\EPPC\workspace_codegen\ewl\EWL_C\EWL_C.PA_CmdLineData\libc_E200z0_VLE_Soft\obj\abort_exit.o
  UNUSED   000056 ........ ........    __exit libc_E200z0_VLE_Soft.a D:\w\EPPC\workspace_codegen\ewl\EWL_C\EWL_C.PA_CmdLineData\libc_E200z0_VLE_Soft\obj\abort_exit.o
  00001a52 000000 40002d92 00002002  1 .text.86 	libc_E200z0_VLE_Soft.a D:\w\EPPC\workspace_codegen\ewl\EWL_C\EWL_C.PA_CmdLineData\libc_E200z0_VLE_Soft\obj\abort_exit.o
  00001a52 000032 40002d92 00002002  1 .text 	librt_E200z0_VLE_Soft.a D:\w\EPPC\workspace_codegen\ewl\EWL_Runtime\Runtime_PA_CmdLineData\librt_E200z0_VLE_Soft\obj\global_destructor_chain.o
  UNUSED   000010 ........ ........    __register_global_object librt_E200z0_VLE_Soft.a D:\w\EPPC\workspace_codegen\ewl\EWL_Runtime\Runtime_PA_CmdLineData\librt_E200z0_VLE_Soft\obj\global_destructor_chain.o
  00001a52 000032 40002d92 00002002  2 __destroy_global_chain 	librt_E200z0_VLE_Soft.a D:\w\EPPC\workspace_codegen\ewl\EWL_Runtime\Runtime_PA_CmdLineData\librt_E200z0_VLE_Soft\obj\global_destructor_chain.o
  UNUSED   00003a ........ ........    __register_atexit librt_E200z0_VLE_Soft.a D:\w\EPPC\workspace_codegen\ewl\EWL_Runtime\Runtime_PA_CmdLineData\librt_E200z0_VLE_Soft\obj\global_destructor_chain.o
  00001a84 000000 40002dc4 00002034  1 .text.104 	librt_E200z0_VLE_Soft.a D:\w\EPPC\workspace_codegen\ewl\EWL_Runtime\Runtime_PA_CmdLineData\librt_E200z0_VLE_Soft\obj\global_destructor_chain.o
  00001a84 000008 40002dc4 00002034  1 .text 	librt_E200z0_VLE_Soft.a D:\w\EPPC\workspace_codegen\ewl\EWL_Runtime\Runtime_PA_CmdLineData\librt_E200z0_VLE_Soft\obj\runtime.o
  UNUSED   00004a ........ ........    __save_gpr librt_E200z0_VLE_Soft.a D:\w\EPPC\workspace_codegen\ewl\EWL_Runtime\Runtime_PA_CmdLineData\librt_E200z0_VLE_Soft\obj\runtime.o
  UNUSED   000000 ........ ........    _savegpr_14 librt_E200z0_VLE_Soft.a D:\w\EPPC\workspace_codegen\ewl\EWL_Runtime\Runtime_PA_CmdLineData\librt_E200z0_VLE_Soft\obj\runtime.o
  UNUSED   000000 ........ ........    _save32gpr_14 librt_E200z0_VLE_Soft.a D:\w\EPPC\workspace_codegen\ewl\EWL_Runtime\Runtime_PA_CmdLineData\librt_E200z0_VLE_Soft\obj\runtime.o
  UNUSED   000000 ........ ........    _savegpr_15 librt_E200z0_VLE_Soft.a D:\w\EPPC\workspace_codegen\ewl\EWL_Runtime\Runtime_PA_CmdLineData\librt_E200z0_VLE_Soft\obj\runtime.o
  UNUSED   000000 ........ ........    _save32gpr_15 librt_E200z0_VLE_Soft.a D:\w\EPPC\workspace_codegen\ewl\EWL_Runtime\Runtime_PA_CmdLineData\librt_E200z0_VLE_Soft\obj\runtime.o
  UNUSED   000000 ........ ........    _savegpr_16 librt_E200z0_VLE_Soft.a D:\w\EPPC\workspace_codegen\ewl\EWL_Runtime\Runtime_PA_CmdLineData\librt_E200z0_VLE_Soft\obj\runtime.o
  UNUSED   000000 ........ ........    _save32gpr_16 librt_E200z0_VLE_Soft.a D:\w\EPPC\workspace_codegen\ewl\EWL_Runtime\Runtime_PA_CmdLineData\librt_E200z0_VLE_Soft\obj\runtime.o
  UNUSED   000000 ........ ........    _savegpr_17 librt_E200z0_VLE_Soft.a D:\w\EPPC\workspace_codegen\ewl\EWL_Runtime\Runtime_PA_CmdLineData\librt_E200z0_VLE_Soft\obj\runtime.o
  UNUSED   000000 ........ ........    _save32gpr_17 librt_E200z0_VLE_Soft.a D:\w\EPPC\workspace_codegen\ewl\EWL_Runtime\Runtime_PA_CmdLineData\librt_E200z0_VLE_Soft\obj\runtime.o
  UNUSED   000000 ........ ........    _savegpr_18 librt_E200z0_VLE_Soft.a D:\w\EPPC\workspace_codegen\ewl\EWL_Runtime\Runtime_PA_CmdLineData\librt_E200z0_VLE_Soft\obj\runtime.o
  UNUSED   000000 ........ ........    _save32gpr_18 librt_E200z0_VLE_Soft.a D:\w\EPPC\workspace_codegen\ewl\EWL_Runtime\Runtime_PA_CmdLineData\librt_E200z0_VLE_Soft\obj\runtime.o
  UNUSED   000000 ........ ........    _savegpr_19 librt_E200z0_VLE_Soft.a D:\w\EPPC\workspace_codegen\ewl\EWL_Runtime\Runtime_PA_CmdLineData\librt_E200z0_VLE_Soft\obj\runtime.o
  UNUSED   000000 ........ ........    _save32gpr_19 librt_E200z0_VLE_Soft.a D:\w\EPPC\workspace_codegen\ewl\EWL_Runtime\Runtime_PA_CmdLineData\librt_E200z0_VLE_Soft\obj\runtime.o
  UNUSED   000000 ........ ........    _savegpr_20 librt_E200z0_VLE_Soft.a D:\w\EPPC\workspace_codegen\ewl\EWL_Runtime\Runtime_PA_CmdLineData\librt_E200z0_VLE_Soft\obj\runtime.o
  UNUSED   000000 ........ ........    _save32gpr_20 librt_E200z0_VLE_Soft.a D:\w\EPPC\workspace_codegen\ewl\EWL_Runtime\Runtime_PA_CmdLineData\librt_E200z0_VLE_Soft\obj\runtime.o
  UNUSED   000000 ........ ........    _savegpr_21 librt_E200z0_VLE_Soft.a D:\w\EPPC\workspace_codegen\ewl\EWL_Runtime\Runtime_PA_CmdLineData\librt_E200z0_VLE_Soft\obj\runtime.o
  UNUSED   000000 ........ ........    _save32gpr_21 librt_E200z0_VLE_Soft.a D:\w\EPPC\workspace_codegen\ewl\EWL_Runtime\Runtime_PA_CmdLineData\librt_E200z0_VLE_Soft\obj\runtime.o
  UNUSED   000000 ........ ........    _savegpr_22 librt_E200z0_VLE_Soft.a D:\w\EPPC\workspace_codegen\ewl\EWL_Runtime\Runtime_PA_CmdLineData\librt_E200z0_VLE_Soft\obj\runtime.o
  UNUSED   000000 ........ ........    _save32gpr_22 librt_E200z0_VLE_Soft.a D:\w\EPPC\workspace_codegen\ewl\EWL_Runtime\Runtime_PA_CmdLineData\librt_E200z0_VLE_Soft\obj\runtime.o
  UNUSED   000000 ........ ........    _savegpr_23 librt_E200z0_VLE_Soft.a D:\w\EPPC\workspace_codegen\ewl\EWL_Runtime\Runtime_PA_CmdLineData\librt_E200z0_VLE_Soft\obj\runtime.o
  UNUSED   000000 ........ ........    _save32gpr_23 librt_E200z0_VLE_Soft.a D:\w\EPPC\workspace_codegen\ewl\EWL_Runtime\Runtime_PA_CmdLineData\librt_E200z0_VLE_Soft\obj\runtime.o
  UNUSED   000000 ........ ........    _savegpr_24 librt_E200z0_VLE_Soft.a D:\w\EPPC\workspace_codegen\ewl\EWL_Runtime\Runtime_PA_CmdLineData\librt_E200z0_VLE_Soft\obj\runtime.o
  UNUSED   000000 ........ ........    _save32gpr_24 librt_E200z0_VLE_Soft.a D:\w\EPPC\workspace_codegen\ewl\EWL_Runtime\Runtime_PA_CmdLineData\librt_E200z0_VLE_Soft\obj\runtime.o
  UNUSED   000000 ........ ........    _savegpr_25 librt_E200z0_VLE_Soft.a D:\w\EPPC\workspace_codegen\ewl\EWL_Runtime\Runtime_PA_CmdLineData\librt_E200z0_VLE_Soft\obj\runtime.o
  UNUSED   000000 ........ ........    _save32gpr_25 librt_E200z0_VLE_Soft.a D:\w\EPPC\workspace_codegen\ewl\EWL_Runtime\Runtime_PA_CmdLineData\librt_E200z0_VLE_Soft\obj\runtime.o
  UNUSED   000000 ........ ........    _savegpr_26 librt_E200z0_VLE_Soft.a D:\w\EPPC\workspace_codegen\ewl\EWL_Runtime\Runtime_PA_CmdLineData\librt_E200z0_VLE_Soft\obj\runtime.o
  UNUSED   000000 ........ ........    _save32gpr_26 librt_E200z0_VLE_Soft.a D:\w\EPPC\workspace_codegen\ewl\EWL_Runtime\Runtime_PA_CmdLineData\librt_E200z0_VLE_Soft\obj\runtime.o
  UNUSED   000000 ........ ........    _savegpr_27 librt_E200z0_VLE_Soft.a D:\w\EPPC\workspace_codegen\ewl\EWL_Runtime\Runtime_PA_CmdLineData\librt_E200z0_VLE_Soft\obj\runtime.o
  UNUSED   000000 ........ ........    _save32gpr_27 librt_E200z0_VLE_Soft.a D:\w\EPPC\workspace_codegen\ewl\EWL_Runtime\Runtime_PA_CmdLineData\librt_E200z0_VLE_Soft\obj\runtime.o
  UNUSED   000000 ........ ........    _savegpr_28 librt_E200z0_VLE_Soft.a D:\w\EPPC\workspace_codegen\ewl\EWL_Runtime\Runtime_PA_CmdLineData\librt_E200z0_VLE_Soft\obj\runtime.o
  UNUSED   000000 ........ ........    _save32gpr_28 librt_E200z0_VLE_Soft.a D:\w\EPPC\workspace_codegen\ewl\EWL_Runtime\Runtime_PA_CmdLineData\librt_E200z0_VLE_Soft\obj\runtime.o
  UNUSED   000000 ........ ........    _savegpr_29 librt_E200z0_VLE_Soft.a D:\w\EPPC\workspace_codegen\ewl\EWL_Runtime\Runtime_PA_CmdLineData\librt_E200z0_VLE_Soft\obj\runtime.o
  UNUSED   000000 ........ ........    _save32gpr_29 librt_E200z0_VLE_Soft.a D:\w\EPPC\workspace_codegen\ewl\EWL_Runtime\Runtime_PA_CmdLineData\librt_E200z0_VLE_Soft\obj\runtime.o
  UNUSED   000000 ........ ........    _savegpr_30 librt_E200z0_VLE_Soft.a D:\w\EPPC\workspace_codegen\ewl\EWL_Runtime\Runtime_PA_CmdLineData\librt_E200z0_VLE_Soft\obj\runtime.o
  UNUSED   000000 ........ ........    _save32gpr_30 librt_E200z0_VLE_Soft.a D:\w\EPPC\workspace_codegen\ewl\EWL_Runtime\Runtime_PA_CmdLineData\librt_E200z0_VLE_Soft\obj\runtime.o
  UNUSED   000000 ........ ........    _savegpr_31 librt_E200z0_VLE_Soft.a D:\w\EPPC\workspace_codegen\ewl\EWL_Runtime\Runtime_PA_CmdLineData\librt_E200z0_VLE_Soft\obj\runtime.o
  UNUSED   000000 ........ ........    _save32gpr_31 librt_E200z0_VLE_Soft.a D:\w\EPPC\workspace_codegen\ewl\EWL_Runtime\Runtime_PA_CmdLineData\librt_E200z0_VLE_Soft\obj\runtime.o
  UNUSED   00004a ........ ........    __restore_gpr librt_E200z0_VLE_Soft.a D:\w\EPPC\workspace_codegen\ewl\EWL_Runtime\Runtime_PA_CmdLineData\librt_E200z0_VLE_Soft\obj\runtime.o
  UNUSED   000000 ........ ........    _restgpr_14 librt_E200z0_VLE_Soft.a D:\w\EPPC\workspace_codegen\ewl\EWL_Runtime\Runtime_PA_CmdLineData\librt_E200z0_VLE_Soft\obj\runtime.o
  UNUSED   000000 ........ ........    _rest32gpr_14 librt_E200z0_VLE_Soft.a D:\w\EPPC\workspace_codegen\ewl\EWL_Runtime\Runtime_PA_CmdLineData\librt_E200z0_VLE_Soft\obj\runtime.o
  UNUSED   000000 ........ ........    _restgpr_15 librt_E200z0_VLE_Soft.a D:\w\EPPC\workspace_codegen\ewl\EWL_Runtime\Runtime_PA_CmdLineData\librt_E200z0_VLE_Soft\obj\runtime.o
  UNUSED   000000 ........ ........    _rest32gpr_15 librt_E200z0_VLE_Soft.a D:\w\EPPC\workspace_codegen\ewl\EWL_Runtime\Runtime_PA_CmdLineData\librt_E200z0_VLE_Soft\obj\runtime.o
  UNUSED   000000 ........ ........    _restgpr_16 librt_E200z0_VLE_Soft.a D:\w\EPPC\workspace_codegen\ewl\EWL_Runtime\Runtime_PA_CmdLineData\librt_E200z0_VLE_Soft\obj\runtime.o
  UNUSED   000000 ........ ........    _rest32gpr_16 librt_E200z0_VLE_Soft.a D:\w\EPPC\workspace_codegen\ewl\EWL_Runtime\Runtime_PA_CmdLineData\librt_E200z0_VLE_Soft\obj\runtime.o
  UNUSED   000000 ........ ........    _restgpr_17 librt_E200z0_VLE_Soft.a D:\w\EPPC\workspace_codegen\ewl\EWL_Runtime\Runtime_PA_CmdLineData\librt_E200z0_VLE_Soft\obj\runtime.o
  UNUSED   000000 ........ ........    _rest32gpr_17 librt_E200z0_VLE_Soft.a D:\w\EPPC\workspace_codegen\ewl\EWL_Runtime\Runtime_PA_CmdLineData\librt_E200z0_VLE_Soft\obj\runtime.o
  UNUSED   000000 ........ ........    _restgpr_18 librt_E200z0_VLE_Soft.a D:\w\EPPC\workspace_codegen\ewl\EWL_Runtime\Runtime_PA_CmdLineData\librt_E200z0_VLE_Soft\obj\runtime.o
  UNUSED   000000 ........ ........    _rest32gpr_18 librt_E200z0_VLE_Soft.a D:\w\EPPC\workspace_codegen\ewl\EWL_Runtime\Runtime_PA_CmdLineData\librt_E200z0_VLE_Soft\obj\runtime.o
  UNUSED   000000 ........ ........    _restgpr_19 librt_E200z0_VLE_Soft.a D:\w\EPPC\workspace_codegen\ewl\EWL_Runtime\Runtime_PA_CmdLineData\librt_E200z0_VLE_Soft\obj\runtime.o
  UNUSED   000000 ........ ........    _rest32gpr_19 librt_E200z0_VLE_Soft.a D:\w\EPPC\workspace_codegen\ewl\EWL_Runtime\Runtime_PA_CmdLineData\librt_E200z0_VLE_Soft\obj\runtime.o
  UNUSED   000000 ........ ........    _restgpr_20 librt_E200z0_VLE_Soft.a D:\w\EPPC\workspace_codegen\ewl\EWL_Runtime\Runtime_PA_CmdLineData\librt_E200z0_VLE_Soft\obj\runtime.o
  UNUSED   000000 ........ ........    _rest32gpr_20 librt_E200z0_VLE_Soft.a D:\w\EPPC\workspace_codegen\ewl\EWL_Runtime\Runtime_PA_CmdLineData\librt_E200z0_VLE_Soft\obj\runtime.o
  UNUSED   000000 ........ ........    _restgpr_21 librt_E200z0_VLE_Soft.a D:\w\EPPC\workspace_codegen\ewl\EWL_Runtime\Runtime_PA_CmdLineData\librt_E200z0_VLE_Soft\obj\runtime.o
  UNUSED   000000 ........ ........    _rest32gpr_21 librt_E200z0_VLE_Soft.a D:\w\EPPC\workspace_codegen\ewl\EWL_Runtime\Runtime_PA_CmdLineData\librt_E200z0_VLE_Soft\obj\runtime.o
  UNUSED   000000 ........ ........    _restgpr_22 librt_E200z0_VLE_Soft.a D:\w\EPPC\workspace_codegen\ewl\EWL_Runtime\Runtime_PA_CmdLineData\librt_E200z0_VLE_Soft\obj\runtime.o
  UNUSED   000000 ........ ........    _rest32gpr_22 librt_E200z0_VLE_Soft.a D:\w\EPPC\workspace_codegen\ewl\EWL_Runtime\Runtime_PA_CmdLineData\librt_E200z0_VLE_Soft\obj\runtime.o
  UNUSED   000000 ........ ........    _restgpr_23 librt_E200z0_VLE_Soft.a D:\w\EPPC\workspace_codegen\ewl\EWL_Runtime\Runtime_PA_CmdLineData\librt_E200z0_VLE_Soft\obj\runtime.o
  UNUSED   000000 ........ ........    _rest32gpr_23 librt_E200z0_VLE_Soft.a D:\w\EPPC\workspace_codegen\ewl\EWL_Runtime\Runtime_PA_CmdLineData\librt_E200z0_VLE_Soft\obj\runtime.o
  UNUSED   000000 ........ ........    _restgpr_24 librt_E200z0_VLE_Soft.a D:\w\EPPC\workspace_codegen\ewl\EWL_Runtime\Runtime_PA_CmdLineData\librt_E200z0_VLE_Soft\obj\runtime.o
  UNUSED   000000 ........ ........    _rest32gpr_24 librt_E200z0_VLE_Soft.a D:\w\EPPC\workspace_codegen\ewl\EWL_Runtime\Runtime_PA_CmdLineData\librt_E200z0_VLE_Soft\obj\runtime.o
  UNUSED   000000 ........ ........    _restgpr_25 librt_E200z0_VLE_Soft.a D:\w\EPPC\workspace_codegen\ewl\EWL_Runtime\Runtime_PA_CmdLineData\librt_E200z0_VLE_Soft\obj\runtime.o
  UNUSED   000000 ........ ........    _rest32gpr_25 librt_E200z0_VLE_Soft.a D:\w\EPPC\workspace_codegen\ewl\EWL_Runtime\Runtime_PA_CmdLineData\librt_E200z0_VLE_Soft\obj\runtime.o
  UNUSED   000000 ........ ........    _restgpr_26 librt_E200z0_VLE_Soft.a D:\w\EPPC\workspace_codegen\ewl\EWL_Runtime\Runtime_PA_CmdLineData\librt_E200z0_VLE_Soft\obj\runtime.o
  UNUSED   000000 ........ ........    _rest32gpr_26 librt_E200z0_VLE_Soft.a D:\w\EPPC\workspace_codegen\ewl\EWL_Runtime\Runtime_PA_CmdLineData\librt_E200z0_VLE_Soft\obj\runtime.o
  UNUSED   000000 ........ ........    _restgpr_27 librt_E200z0_VLE_Soft.a D:\w\EPPC\workspace_codegen\ewl\EWL_Runtime\Runtime_PA_CmdLineData\librt_E200z0_VLE_Soft\obj\runtime.o
  UNUSED   000000 ........ ........    _rest32gpr_27 librt_E200z0_VLE_Soft.a D:\w\EPPC\workspace_codegen\ewl\EWL_Runtime\Runtime_PA_CmdLineData\librt_E200z0_VLE_Soft\obj\runtime.o
  UNUSED   000000 ........ ........    _restgpr_28 librt_E200z0_VLE_Soft.a D:\w\EPPC\workspace_codegen\ewl\EWL_Runtime\Runtime_PA_CmdLineData\librt_E200z0_VLE_Soft\obj\runtime.o
  UNUSED   000000 ........ ........    _rest32gpr_28 librt_E200z0_VLE_Soft.a D:\w\EPPC\workspace_codegen\ewl\EWL_Runtime\Runtime_PA_CmdLineData\librt_E200z0_VLE_Soft\obj\runtime.o
  UNUSED   000000 ........ ........    _restgpr_29 librt_E200z0_VLE_Soft.a D:\w\EPPC\workspace_codegen\ewl\EWL_Runtime\Runtime_PA_CmdLineData\librt_E200z0_VLE_Soft\obj\runtime.o
  UNUSED   000000 ........ ........    _rest32gpr_29 librt_E200z0_VLE_Soft.a D:\w\EPPC\workspace_codegen\ewl\EWL_Runtime\Runtime_PA_CmdLineData\librt_E200z0_VLE_Soft\obj\runtime.o
  UNUSED   000000 ........ ........    _restgpr_30 librt_E200z0_VLE_Soft.a D:\w\EPPC\workspace_codegen\ewl\EWL_Runtime\Runtime_PA_CmdLineData\librt_E200z0_VLE_Soft\obj\runtime.o
  UNUSED   000000 ........ ........    _rest32gpr_30 librt_E200z0_VLE_Soft.a D:\w\EPPC\workspace_codegen\ewl\EWL_Runtime\Runtime_PA_CmdLineData\librt_E200z0_VLE_Soft\obj\runtime.o
  UNUSED   000000 ........ ........    _restgpr_31 librt_E200z0_VLE_Soft.a D:\w\EPPC\workspace_codegen\ewl\EWL_Runtime\Runtime_PA_CmdLineData\librt_E200z0_VLE_Soft\obj\runtime.o
  UNUSED   000000 ........ ........    _rest32gpr_31 librt_E200z0_VLE_Soft.a D:\w\EPPC\workspace_codegen\ewl\EWL_Runtime\Runtime_PA_CmdLineData\librt_E200z0_VLE_Soft\obj\runtime.o
  00001a84 000008 40002dc4 00002034  2 __restore_frame_and_exit 	librt_E200z0_VLE_Soft.a D:\w\EPPC\workspace_codegen\ewl\EWL_Runtime\Runtime_PA_CmdLineData\librt_E200z0_VLE_Soft\obj\runtime.o
  UNUSED   000000 ........ ........    __finish_restore_frame_and_exit2 librt_E200z0_VLE_Soft.a D:\w\EPPC\workspace_codegen\ewl\EWL_Runtime\Runtime_PA_CmdLineData\librt_E200z0_VLE_Soft\obj\runtime.o
  UNUSED   00000a ........ ........    __restore_gpr_31_exit librt_E200z0_VLE_Soft.a D:\w\EPPC\workspace_codegen\ewl\EWL_Runtime\Runtime_PA_CmdLineData\librt_E200z0_VLE_Soft\obj\runtime.o
  UNUSED   000000 ........ ........    __finish_restore_frame_and_exit librt_E200z0_VLE_Soft.a D:\w\EPPC\workspace_codegen\ewl\EWL_Runtime\Runtime_PA_CmdLineData\librt_E200z0_VLE_Soft\obj\runtime.o
  UNUSED   000008 ........ ........    __restore_gpr_30_exit librt_E200z0_VLE_Soft.a D:\w\EPPC\workspace_codegen\ewl\EWL_Runtime\Runtime_PA_CmdLineData\librt_E200z0_VLE_Soft\obj\runtime.o
  UNUSED   000008 ........ ........    __restore_gpr_29_exit librt_E200z0_VLE_Soft.a D:\w\EPPC\workspace_codegen\ewl\EWL_Runtime\Runtime_PA_CmdLineData\librt_E200z0_VLE_Soft\obj\runtime.o
  UNUSED   000008 ........ ........    __restore_gpr_28_exit librt_E200z0_VLE_Soft.a D:\w\EPPC\workspace_codegen\ewl\EWL_Runtime\Runtime_PA_CmdLineData\librt_E200z0_VLE_Soft\obj\runtime.o
  UNUSED   000008 ........ ........    __restore_gpr_27_exit librt_E200z0_VLE_Soft.a D:\w\EPPC\workspace_codegen\ewl\EWL_Runtime\Runtime_PA_CmdLineData\librt_E200z0_VLE_Soft\obj\runtime.o
  UNUSED   000008 ........ ........    __restore_gpr_26_exit librt_E200z0_VLE_Soft.a D:\w\EPPC\workspace_codegen\ewl\EWL_Runtime\Runtime_PA_CmdLineData\librt_E200z0_VLE_Soft\obj\runtime.o
  UNUSED   00000a ........ ........    __restore_gpr_25_exit librt_E200z0_VLE_Soft.a D:\w\EPPC\workspace_codegen\ewl\EWL_Runtime\Runtime_PA_CmdLineData\librt_E200z0_VLE_Soft\obj\runtime.o
  UNUSED   000008 ........ ........    __restore_gpr_24_exit librt_E200z0_VLE_Soft.a D:\w\EPPC\workspace_codegen\ewl\EWL_Runtime\Runtime_PA_CmdLineData\librt_E200z0_VLE_Soft\obj\runtime.o
  UNUSED   000008 ........ ........    __restore_gpr_23_exit librt_E200z0_VLE_Soft.a D:\w\EPPC\workspace_codegen\ewl\EWL_Runtime\Runtime_PA_CmdLineData\librt_E200z0_VLE_Soft\obj\runtime.o
  UNUSED   000008 ........ ........    __restore_gpr_22_exit librt_E200z0_VLE_Soft.a D:\w\EPPC\workspace_codegen\ewl\EWL_Runtime\Runtime_PA_CmdLineData\librt_E200z0_VLE_Soft\obj\runtime.o
  UNUSED   000008 ........ ........    __restore_gpr_21_exit librt_E200z0_VLE_Soft.a D:\w\EPPC\workspace_codegen\ewl\EWL_Runtime\Runtime_PA_CmdLineData\librt_E200z0_VLE_Soft\obj\runtime.o
  UNUSED   000008 ........ ........    __restore_gpr_20_exit librt_E200z0_VLE_Soft.a D:\w\EPPC\workspace_codegen\ewl\EWL_Runtime\Runtime_PA_CmdLineData\librt_E200z0_VLE_Soft\obj\runtime.o
  UNUSED   000008 ........ ........    __restore_gpr_19_exit librt_E200z0_VLE_Soft.a D:\w\EPPC\workspace_codegen\ewl\EWL_Runtime\Runtime_PA_CmdLineData\librt_E200z0_VLE_Soft\obj\runtime.o
  UNUSED   000008 ........ ........    __restore_gpr_18_exit librt_E200z0_VLE_Soft.a D:\w\EPPC\workspace_codegen\ewl\EWL_Runtime\Runtime_PA_CmdLineData\librt_E200z0_VLE_Soft\obj\runtime.o
  UNUSED   000008 ........ ........    __restore_gpr_17_exit librt_E200z0_VLE_Soft.a D:\w\EPPC\workspace_codegen\ewl\EWL_Runtime\Runtime_PA_CmdLineData\librt_E200z0_VLE_Soft\obj\runtime.o
  UNUSED   000008 ........ ........    __restore_gpr_16_exit librt_E200z0_VLE_Soft.a D:\w\EPPC\workspace_codegen\ewl\EWL_Runtime\Runtime_PA_CmdLineData\librt_E200z0_VLE_Soft\obj\runtime.o
  UNUSED   000008 ........ ........    __restore_gpr_15_exit librt_E200z0_VLE_Soft.a D:\w\EPPC\workspace_codegen\ewl\EWL_Runtime\Runtime_PA_CmdLineData\librt_E200z0_VLE_Soft\obj\runtime.o
  UNUSED   000008 ........ ........    __restore_gpr_14_exit librt_E200z0_VLE_Soft.a D:\w\EPPC\workspace_codegen\ewl\EWL_Runtime\Runtime_PA_CmdLineData\librt_E200z0_VLE_Soft\obj\runtime.o
  UNUSED   00000c ........ ........    __create_frame librt_E200z0_VLE_Soft.a D:\w\EPPC\workspace_codegen\ewl\EWL_Runtime\Runtime_PA_CmdLineData\librt_E200z0_VLE_Soft\obj\runtime.o
  UNUSED   000000 ........ ........    __save_lr librt_E200z0_VLE_Soft.a D:\w\EPPC\workspace_codegen\ewl\EWL_Runtime\Runtime_PA_CmdLineData\librt_E200z0_VLE_Soft\obj\runtime.o
  UNUSED   00000c ........ ........    __create_frame_and_save_gpr_31 librt_E200z0_VLE_Soft.a D:\w\EPPC\workspace_codegen\ewl\EWL_Runtime\Runtime_PA_CmdLineData\librt_E200z0_VLE_Soft\obj\runtime.o
  UNUSED   00000c ........ ........    __create_frame_and_save_gpr_30 librt_E200z0_VLE_Soft.a D:\w\EPPC\workspace_codegen\ewl\EWL_Runtime\Runtime_PA_CmdLineData\librt_E200z0_VLE_Soft\obj\runtime.o
  UNUSED   00000c ........ ........    __create_frame_and_save_gpr_29 librt_E200z0_VLE_Soft.a D:\w\EPPC\workspace_codegen\ewl\EWL_Runtime\Runtime_PA_CmdLineData\librt_E200z0_VLE_Soft\obj\runtime.o
  UNUSED   00000c ........ ........    __create_frame_and_save_gpr_28 librt_E200z0_VLE_Soft.a D:\w\EPPC\workspace_codegen\ewl\EWL_Runtime\Runtime_PA_CmdLineData\librt_E200z0_VLE_Soft\obj\runtime.o
  UNUSED   00000c ........ ........    __create_frame_and_save_gpr_27 librt_E200z0_VLE_Soft.a D:\w\EPPC\workspace_codegen\ewl\EWL_Runtime\Runtime_PA_CmdLineData\librt_E200z0_VLE_Soft\obj\runtime.o
  UNUSED   00000c ........ ........    __create_frame_and_save_gpr_26 librt_E200z0_VLE_Soft.a D:\w\EPPC\workspace_codegen\ewl\EWL_Runtime\Runtime_PA_CmdLineData\librt_E200z0_VLE_Soft\obj\runtime.o
  UNUSED   00000c ........ ........    __create_frame_and_save_gpr_25 librt_E200z0_VLE_Soft.a D:\w\EPPC\workspace_codegen\ewl\EWL_Runtime\Runtime_PA_CmdLineData\librt_E200z0_VLE_Soft\obj\runtime.o
  UNUSED   00000c ........ ........    __create_frame_and_save_gpr_24 librt_E200z0_VLE_Soft.a D:\w\EPPC\workspace_codegen\ewl\EWL_Runtime\Runtime_PA_CmdLineData\librt_E200z0_VLE_Soft\obj\runtime.o
  UNUSED   00000c ........ ........    __create_frame_and_save_gpr_23 librt_E200z0_VLE_Soft.a D:\w\EPPC\workspace_codegen\ewl\EWL_Runtime\Runtime_PA_CmdLineData\librt_E200z0_VLE_Soft\obj\runtime.o
  UNUSED   00000c ........ ........    __create_frame_and_save_gpr_22 librt_E200z0_VLE_Soft.a D:\w\EPPC\workspace_codegen\ewl\EWL_Runtime\Runtime_PA_CmdLineData\librt_E200z0_VLE_Soft\obj\runtime.o
  UNUSED   00000c ........ ........    __create_frame_and_save_gpr_21 librt_E200z0_VLE_Soft.a D:\w\EPPC\workspace_codegen\ewl\EWL_Runtime\Runtime_PA_CmdLineData\librt_E200z0_VLE_Soft\obj\runtime.o
  UNUSED   00000c ........ ........    __create_frame_and_save_gpr_20 librt_E200z0_VLE_Soft.a D:\w\EPPC\workspace_codegen\ewl\EWL_Runtime\Runtime_PA_CmdLineData\librt_E200z0_VLE_Soft\obj\runtime.o
  UNUSED   00000c ........ ........    __create_frame_and_save_gpr_19 librt_E200z0_VLE_Soft.a D:\w\EPPC\workspace_codegen\ewl\EWL_Runtime\Runtime_PA_CmdLineData\librt_E200z0_VLE_Soft\obj\runtime.o
  UNUSED   00000c ........ ........    __create_frame_and_save_gpr_18 librt_E200z0_VLE_Soft.a D:\w\EPPC\workspace_codegen\ewl\EWL_Runtime\Runtime_PA_CmdLineData\librt_E200z0_VLE_Soft\obj\runtime.o
  UNUSED   00000c ........ ........    __create_frame_and_save_gpr_17 librt_E200z0_VLE_Soft.a D:\w\EPPC\workspace_codegen\ewl\EWL_Runtime\Runtime_PA_CmdLineData\librt_E200z0_VLE_Soft\obj\runtime.o
  UNUSED   00000c ........ ........    __create_frame_and_save_gpr_16 librt_E200z0_VLE_Soft.a D:\w\EPPC\workspace_codegen\ewl\EWL_Runtime\Runtime_PA_CmdLineData\librt_E200z0_VLE_Soft\obj\runtime.o
  UNUSED   00000c ........ ........    __create_frame_and_save_gpr_15 librt_E200z0_VLE_Soft.a D:\w\EPPC\workspace_codegen\ewl\EWL_Runtime\Runtime_PA_CmdLineData\librt_E200z0_VLE_Soft\obj\runtime.o
  UNUSED   00000c ........ ........    __create_frame_and_save_gpr_14 librt_E200z0_VLE_Soft.a D:\w\EPPC\workspace_codegen\ewl\EWL_Runtime\Runtime_PA_CmdLineData\librt_E200z0_VLE_Soft\obj\runtime.o
  UNUSED   0000c4 ........ ........    __div2u librt_E200z0_VLE_Soft.a D:\w\EPPC\workspace_codegen\ewl\EWL_Runtime\Runtime_PA_CmdLineData\librt_E200z0_VLE_Soft\obj\runtime.o
  UNUSED   000108 ........ ........    __div2i librt_E200z0_VLE_Soft.a D:\w\EPPC\workspace_codegen\ewl\EWL_Runtime\Runtime_PA_CmdLineData\librt_E200z0_VLE_Soft\obj\runtime.o
  UNUSED   0000ba ........ ........    __mod2u librt_E200z0_VLE_Soft.a D:\w\EPPC\workspace_codegen\ewl\EWL_Runtime\Runtime_PA_CmdLineData\librt_E200z0_VLE_Soft\obj\runtime.o
  UNUSED   0000e2 ........ ........    __mod2i librt_E200z0_VLE_Soft.a D:\w\EPPC\workspace_codegen\ewl\EWL_Runtime\Runtime_PA_CmdLineData\librt_E200z0_VLE_Soft\obj\runtime.o
  UNUSED   00001a ........ ........    __shl2i librt_E200z0_VLE_Soft.a D:\w\EPPC\workspace_codegen\ewl\EWL_Runtime\Runtime_PA_CmdLineData\librt_E200z0_VLE_Soft\obj\runtime.o
  UNUSED   00001a ........ ........    __shr2u librt_E200z0_VLE_Soft.a D:\w\EPPC\workspace_codegen\ewl\EWL_Runtime\Runtime_PA_CmdLineData\librt_E200z0_VLE_Soft\obj\runtime.o
  UNUSED   00001c ........ ........    __shr2i librt_E200z0_VLE_Soft.a D:\w\EPPC\workspace_codegen\ewl\EWL_Runtime\Runtime_PA_CmdLineData\librt_E200z0_VLE_Soft\obj\runtime.o
  00001a8c 000000 40002dcc 0000203c  1 .text.205 	librt_E200z0_VLE_Soft.a D:\w\EPPC\workspace_codegen\ewl\EWL_Runtime\Runtime_PA_CmdLineData\librt_E200z0_VLE_Soft\obj\runtime.o
  00001a8c 000004 40002dd0 00002040 16 *fill*
  00001a90 000756 40002dd0 00002040  1 .text 	librt_E200z0_VLE_Soft.a E:\CW_Dev\eppc_support\Do_Not_Distribute\zen_fpemu\Src\vle_ppcsfpe.o
  UNUSED   000018 ........ ........    _fp_round librt_E200z0_VLE_Soft.a E:\CW_Dev\eppc_support\Do_Not_Distribute\zen_fpemu\Src\vle_ppcsfpe.o
  UNUSED   00000a ........ ........    _fp_get_fpscr librt_E200z0_VLE_Soft.a E:\CW_Dev\eppc_support\Do_Not_Distribute\zen_fpemu\Src\vle_ppcsfpe.o
  UNUSED   00000a ........ ........    _fp_set_fpscr librt_E200z0_VLE_Soft.a E:\CW_Dev\eppc_support\Do_Not_Distribute\zen_fpemu\Src\vle_ppcsfpe.o
  UNUSED   000006 ........ ........    _f_utof librt_E200z0_VLE_Soft.a E:\CW_Dev\eppc_support\Do_Not_Distribute\zen_fpemu\Src\vle_ppcsfpe.o
  UNUSED   000028 ........ ........    _f_itof librt_E200z0_VLE_Soft.a E:\CW_Dev\eppc_support\Do_Not_Distribute\zen_fpemu\Src\vle_ppcsfpe.o
  UNUSED   000000 ........ ........    f_itof_common_with_proloque librt_E200z0_VLE_Soft.a E:\CW_Dev\eppc_support\Do_Not_Distribute\zen_fpemu\Src\vle_ppcsfpe.o
  UNUSED   000000 ........ ........    f_itof_common librt_E200z0_VLE_Soft.a E:\CW_Dev\eppc_support\Do_Not_Distribute\zen_fpemu\Src\vle_ppcsfpe.o
  UNUSED   000000 ........ ........    f_itof_go_coerce librt_E200z0_VLE_Soft.a E:\CW_Dev\eppc_support\Do_Not_Distribute\zen_fpemu\Src\vle_ppcsfpe.o
  UNUSED   000006 ........ ........    _f_ulltof librt_E200z0_VLE_Soft.a E:\CW_Dev\eppc_support\Do_Not_Distribute\zen_fpemu\Src\vle_ppcsfpe.o
  UNUSED   00003c ........ ........    _f_lltof librt_E200z0_VLE_Soft.a E:\CW_Dev\eppc_support\Do_Not_Distribute\zen_fpemu\Src\vle_ppcsfpe.o
  UNUSED   000000 ........ ........    f_lltof_common librt_E200z0_VLE_Soft.a E:\CW_Dev\eppc_support\Do_Not_Distribute\zen_fpemu\Src\vle_ppcsfpe.o
  UNUSED   000044 ........ ........    _f_qtof librt_E200z0_VLE_Soft.a E:\CW_Dev\eppc_support\Do_Not_Distribute\zen_fpemu\Src\vle_ppcsfpe.o
  UNUSED   000000 ........ ........    _d_dtof librt_E200z0_VLE_Soft.a E:\CW_Dev\eppc_support\Do_Not_Distribute\zen_fpemu\Src\vle_ppcsfpe.o
  UNUSED   000006 ........ ........    _d_utod librt_E200z0_VLE_Soft.a E:\CW_Dev\eppc_support\Do_Not_Distribute\zen_fpemu\Src\vle_ppcsfpe.o
  00001a90 000012 40002dd0 00002040 16 _d_itod 	librt_E200z0_VLE_Soft.a E:\CW_Dev\eppc_support\Do_Not_Distribute\zen_fpemu\Src\vle_ppcsfpe.o
  UNUSED   000000 ........ ........    d_itod_common librt_E200z0_VLE_Soft.a E:\CW_Dev\eppc_support\Do_Not_Distribute\zen_fpemu\Src\vle_ppcsfpe.o
  UNUSED   000006 ........ ........    _d_ulltod librt_E200z0_VLE_Soft.a E:\CW_Dev\eppc_support\Do_Not_Distribute\zen_fpemu\Src\vle_ppcsfpe.o
  00001ab0 000052 40002df0 00002060 16 _d_lltod 	librt_E200z0_VLE_Soft.a E:\CW_Dev\eppc_support\Do_Not_Distribute\zen_fpemu\Src\vle_ppcsfpe.o
  00001ac0 000000 40002e00 00002070    d_Xtod_common (entry of _d_lltod) 	librt_E200z0_VLE_Soft.a E:\CW_Dev\eppc_support\Do_Not_Distribute\zen_fpemu\Src\vle_ppcsfpe.o
  UNUSED   000000 ........ ........    d_lltod_common librt_E200z0_VLE_Soft.a E:\CW_Dev\eppc_support\Do_Not_Distribute\zen_fpemu\Src\vle_ppcsfpe.o
  UNUSED   000000 ........ ........    d_lltod_go_coerce librt_E200z0_VLE_Soft.a E:\CW_Dev\eppc_support\Do_Not_Distribute\zen_fpemu\Src\vle_ppcsfpe.o
  UNUSED   000046 ........ ........    _f_ftod librt_E200z0_VLE_Soft.a E:\CW_Dev\eppc_support\Do_Not_Distribute\zen_fpemu\Src\vle_ppcsfpe.o
  UNUSED   000000 ........ ........    _f_ftoq librt_E200z0_VLE_Soft.a E:\CW_Dev\eppc_support\Do_Not_Distribute\zen_fpemu\Src\vle_ppcsfpe.o
  UNUSED   000008 ........ ........    _f_ftoll librt_E200z0_VLE_Soft.a E:\CW_Dev\eppc_support\Do_Not_Distribute\zen_fpemu\Src\vle_ppcsfpe.o
  UNUSED   000006 ........ ........    _f_ftoull librt_E200z0_VLE_Soft.a E:\CW_Dev\eppc_support\Do_Not_Distribute\zen_fpemu\Src\vle_ppcsfpe.o
  UNUSED   000006 ........ ........    _f_ftou librt_E200z0_VLE_Soft.a E:\CW_Dev\eppc_support\Do_Not_Distribute\zen_fpemu\Src\vle_ppcsfpe.o
  00001b10 000092 40002e50 000020c0 16 _f_ftoi 	librt_E200z0_VLE_Soft.a E:\CW_Dev\eppc_support\Do_Not_Distribute\zen_fpemu\Src\vle_ppcsfpe.o
  UNUSED   000000 ........ ........    f_toshortX_common librt_E200z0_VLE_Soft.a E:\CW_Dev\eppc_support\Do_Not_Distribute\zen_fpemu\Src\vle_ppcsfpe.o
  00001b2c 000000 40002e6c 000020dc    Xtoshort_common (entry of _f_ftoi) 	librt_E200z0_VLE_Soft.a E:\CW_Dev\eppc_support\Do_Not_Distribute\zen_fpemu\Src\vle_ppcsfpe.o
  UNUSED   000008 ........ ........    _d_dtoll librt_E200z0_VLE_Soft.a E:\CW_Dev\eppc_support\Do_Not_Distribute\zen_fpemu\Src\vle_ppcsfpe.o
  UNUSED   000006 ........ ........    _d_dtoull librt_E200z0_VLE_Soft.a E:\CW_Dev\eppc_support\Do_Not_Distribute\zen_fpemu\Src\vle_ppcsfpe.o
  UNUSED   000006 ........ ........    _d_dtou librt_E200z0_VLE_Soft.a E:\CW_Dev\eppc_support\Do_Not_Distribute\zen_fpemu\Src\vle_ppcsfpe.o
  00001bb0 0000c2 40002ef0 00002160 16 _d_dtoi 	librt_E200z0_VLE_Soft.a E:\CW_Dev\eppc_support\Do_Not_Distribute\zen_fpemu\Src\vle_ppcsfpe.o
  UNUSED   000000 ........ ........    d_toshortX_common librt_E200z0_VLE_Soft.a E:\CW_Dev\eppc_support\Do_Not_Distribute\zen_fpemu\Src\vle_ppcsfpe.o
  00001bc6 000000 40002f06 00002176    Xtolong_common (entry of _d_dtoi) 	librt_E200z0_VLE_Soft.a E:\CW_Dev\eppc_support\Do_Not_Distribute\zen_fpemu\Src\vle_ppcsfpe.o
  UNUSED   000006 ........ ........    _d_dtoq librt_E200z0_VLE_Soft.a E:\CW_Dev\eppc_support\Do_Not_Distribute\zen_fpemu\Src\vle_ppcsfpe.o
  UNUSED   000006 ........ ........    _d_qtod librt_E200z0_VLE_Soft.a E:\CW_Dev\eppc_support\Do_Not_Distribute\zen_fpemu\Src\vle_ppcsfpe.o
  UNUSED   000006 ........ ........    _f_cmp librt_E200z0_VLE_Soft.a E:\CW_Dev\eppc_support\Do_Not_Distribute\zen_fpemu\Src\vle_ppcsfpe.o
  UNUSED   000006 ........ ........    _f_cmpe librt_E200z0_VLE_Soft.a E:\CW_Dev\eppc_support\Do_Not_Distribute\zen_fpemu\Src\vle_ppcsfpe.o
  UNUSED   000006 ........ ........    _f_feq librt_E200z0_VLE_Soft.a E:\CW_Dev\eppc_support\Do_Not_Distribute\zen_fpemu\Src\vle_ppcsfpe.o
  UNUSED   000006 ........ ........    _f_fne librt_E200z0_VLE_Soft.a E:\CW_Dev\eppc_support\Do_Not_Distribute\zen_fpemu\Src\vle_ppcsfpe.o
  UNUSED   000006 ........ ........    _f_flt librt_E200z0_VLE_Soft.a E:\CW_Dev\eppc_support\Do_Not_Distribute\zen_fpemu\Src\vle_ppcsfpe.o
  UNUSED   000006 ........ ........    _f_fle librt_E200z0_VLE_Soft.a E:\CW_Dev\eppc_support\Do_Not_Distribute\zen_fpemu\Src\vle_ppcsfpe.o
  UNUSED   000006 ........ ........    _f_fgt librt_E200z0_VLE_Soft.a E:\CW_Dev\eppc_support\Do_Not_Distribute\zen_fpemu\Src\vle_ppcsfpe.o
  UNUSED   000006 ........ ........    _f_fge librt_E200z0_VLE_Soft.a E:\CW_Dev\eppc_support\Do_Not_Distribute\zen_fpemu\Src\vle_ppcsfpe.o
  UNUSED   000006 ........ ........    _f_fun librt_E200z0_VLE_Soft.a E:\CW_Dev\eppc_support\Do_Not_Distribute\zen_fpemu\Src\vle_ppcsfpe.o
  UNUSED   00003e ........ ........    _f_for librt_E200z0_VLE_Soft.a E:\CW_Dev\eppc_support\Do_Not_Distribute\zen_fpemu\Src\vle_ppcsfpe.o
  UNUSED   000000 ........ ........    f_compare librt_E200z0_VLE_Soft.a E:\CW_Dev\eppc_support\Do_Not_Distribute\zen_fpemu\Src\vle_ppcsfpe.o
  UNUSED   000006 ........ ........    _d_cmp librt_E200z0_VLE_Soft.a E:\CW_Dev\eppc_support\Do_Not_Distribute\zen_fpemu\Src\vle_ppcsfpe.o
  UNUSED   000006 ........ ........    _d_cmpe librt_E200z0_VLE_Soft.a E:\CW_Dev\eppc_support\Do_Not_Distribute\zen_fpemu\Src\vle_ppcsfpe.o
  UNUSED   000006 ........ ........    _d_feq librt_E200z0_VLE_Soft.a E:\CW_Dev\eppc_support\Do_Not_Distribute\zen_fpemu\Src\vle_ppcsfpe.o
  UNUSED   000006 ........ ........    _d_fne librt_E200z0_VLE_Soft.a E:\CW_Dev\eppc_support\Do_Not_Distribute\zen_fpemu\Src\vle_ppcsfpe.o
  UNUSED   000006 ........ ........    _d_flt librt_E200z0_VLE_Soft.a E:\CW_Dev\eppc_support\Do_Not_Distribute\zen_fpemu\Src\vle_ppcsfpe.o
  UNUSED   000006 ........ ........    _d_fle librt_E200z0_VLE_Soft.a E:\CW_Dev\eppc_support\Do_Not_Distribute\zen_fpemu\Src\vle_ppcsfpe.o
  UNUSED   000006 ........ ........    _d_fgt librt_E200z0_VLE_Soft.a E:\CW_Dev\eppc_support\Do_Not_Distribute\zen_fpemu\Src\vle_ppcsfpe.o
  UNUSED   000006 ........ ........    _d_fge librt_E200z0_VLE_Soft.a E:\CW_Dev\eppc_support\Do_Not_Distribute\zen_fpemu\Src\vle_ppcsfpe.o
  UNUSED   000006 ........ ........    _d_fun librt_E200z0_VLE_Soft.a E:\CW_Dev\eppc_support\Do_Not_Distribute\zen_fpemu\Src\vle_ppcsfpe.o
  UNUSED   000114 ........ ........    _d_for librt_E200z0_VLE_Soft.a E:\CW_Dev\eppc_support\Do_Not_Distribute\zen_fpemu\Src\vle_ppcsfpe.o
  UNUSED   000000 ........ ........    d_compare librt_E200z0_VLE_Soft.a E:\CW_Dev\eppc_support\Do_Not_Distribute\zen_fpemu\Src\vle_ppcsfpe.o
  UNUSED   000000 ........ ........    compare_dispatch librt_E200z0_VLE_Soft.a E:\CW_Dev\eppc_support\Do_Not_Distribute\zen_fpemu\Src\vle_ppcsfpe.o
  UNUSED   000000 ........ ........    f_compare_un librt_E200z0_VLE_Soft.a E:\CW_Dev\eppc_support\Do_Not_Distribute\zen_fpemu\Src\vle_ppcsfpe.o
  UNUSED   000006 ........ ........    _f_neg librt_E200z0_VLE_Soft.a E:\CW_Dev\eppc_support\Do_Not_Distribute\zen_fpemu\Src\vle_ppcsfpe.o
  UNUSED   000000 ........ ........    _d_neg librt_E200z0_VLE_Soft.a E:\CW_Dev\eppc_support\Do_Not_Distribute\zen_fpemu\Src\vle_ppcsfpe.o
  UNUSED   000156 ........ ........    _f_mul librt_E200z0_VLE_Soft.a E:\CW_Dev\eppc_support\Do_Not_Distribute\zen_fpemu\Src\vle_ppcsfpe.o
  UNUSED   000000 ........ ........    f_coerce_result librt_E200z0_VLE_Soft.a E:\CW_Dev\eppc_support\Do_Not_Distribute\zen_fpemu\Src\vle_ppcsfpe.o
  UNUSED   000000 ........ ........    f_coerce_result_precalculated_data librt_E200z0_VLE_Soft.a E:\CW_Dev\eppc_support\Do_Not_Distribute\zen_fpemu\Src\vle_ppcsfpe.o
  UNUSED   000000 ........ ........    f_result_is_INF librt_E200z0_VLE_Soft.a E:\CW_Dev\eppc_support\Do_Not_Distribute\zen_fpemu\Src\vle_ppcsfpe.o
  UNUSED   000000 ........ ........    f_result_is_zero librt_E200z0_VLE_Soft.a E:\CW_Dev\eppc_support\Do_Not_Distribute\zen_fpemu\Src\vle_ppcsfpe.o
  UNUSED   000000 ........ ........    f_both_NaNs librt_E200z0_VLE_Soft.a E:\CW_Dev\eppc_support\Do_Not_Distribute\zen_fpemu\Src\vle_ppcsfpe.o
  UNUSED   000000 ........ ........    f_x_is_NaN librt_E200z0_VLE_Soft.a E:\CW_Dev\eppc_support\Do_Not_Distribute\zen_fpemu\Src\vle_ppcsfpe.o
  UNUSED   000000 ........ ........    f_result_is_Invalid librt_E200z0_VLE_Soft.a E:\CW_Dev\eppc_support\Do_Not_Distribute\zen_fpemu\Src\vle_ppcsfpe.o
  UNUSED   000000 ........ ........    f_y_is_NaN librt_E200z0_VLE_Soft.a E:\CW_Dev\eppc_support\Do_Not_Distribute\zen_fpemu\Src\vle_ppcsfpe.o
  UNUSED   000000 ........ ........    f_result_is_x librt_E200z0_VLE_Soft.a E:\CW_Dev\eppc_support\Do_Not_Distribute\zen_fpemu\Src\vle_ppcsfpe.o
  UNUSED   00006a ........ ........    _f_div librt_E200z0_VLE_Soft.a E:\CW_Dev\eppc_support\Do_Not_Distribute\zen_fpemu\Src\vle_ppcsfpe.o
  UNUSED   000008 ........ ........    _f_sub librt_E200z0_VLE_Soft.a E:\CW_Dev\eppc_support\Do_Not_Distribute\zen_fpemu\Src\vle_ppcsfpe.o
  UNUSED   000116 ........ ........    _f_add librt_E200z0_VLE_Soft.a E:\CW_Dev\eppc_support\Do_Not_Distribute\zen_fpemu\Src\vle_ppcsfpe.o
  UNUSED   000000 ........ ........    f_add_common librt_E200z0_VLE_Soft.a E:\CW_Dev\eppc_support\Do_Not_Distribute\zen_fpemu\Src\vle_ppcsfpe.o
  UNUSED   000008 ........ ........    _d_sub librt_E200z0_VLE_Soft.a E:\CW_Dev\eppc_support\Do_Not_Distribute\zen_fpemu\Src\vle_ppcsfpe.o
  00001c80 00018a 40002fc0 00002230 16 _d_add 	librt_E200z0_VLE_Soft.a E:\CW_Dev\eppc_support\Do_Not_Distribute\zen_fpemu\Src\vle_ppcsfpe.o
  UNUSED   000000 ........ ........    d_add_common librt_E200z0_VLE_Soft.a E:\CW_Dev\eppc_support\Do_Not_Distribute\zen_fpemu\Src\vle_ppcsfpe.o
  00001e10 0001ee 40003150 000023c0 16 _d_mul 	librt_E200z0_VLE_Soft.a E:\CW_Dev\eppc_support\Do_Not_Distribute\zen_fpemu\Src\vle_ppcsfpe.o
  00001e78 000000 400031b8 00002428    d_coerce_result_prepare (entry of _d_mul) 	librt_E200z0_VLE_Soft.a E:\CW_Dev\eppc_support\Do_Not_Distribute\zen_fpemu\Src\vle_ppcsfpe.o
  UNUSED   000000 ........ ........    d_coerce_result librt_E200z0_VLE_Soft.a E:\CW_Dev\eppc_support\Do_Not_Distribute\zen_fpemu\Src\vle_ppcsfpe.o
  00001e80 000000 400031c0 00002430    d_coerce_result_precalculated_data (entry of _d_mul) 	librt_E200z0_VLE_Soft.a E:\CW_Dev\eppc_support\Do_Not_Distribute\zen_fpemu\Src\vle_ppcsfpe.o
  00001f46 000000 40003286 000024f6    d_double_result_and_exit (entry of _d_mul) 	librt_E200z0_VLE_Soft.a E:\CW_Dev\eppc_support\Do_Not_Distribute\zen_fpemu\Src\vle_ppcsfpe.o
  00001f52 000000 40003292 00002502    d_result_is_INF (entry of _d_mul) 	librt_E200z0_VLE_Soft.a E:\CW_Dev\eppc_support\Do_Not_Distribute\zen_fpemu\Src\vle_ppcsfpe.o
  UNUSED   000000 ........ ........    d_result_is_zero librt_E200z0_VLE_Soft.a E:\CW_Dev\eppc_support\Do_Not_Distribute\zen_fpemu\Src\vle_ppcsfpe.o
  00001fb0 000000 400032f0 00002560    d_both_NaNs (entry of _d_mul) 	librt_E200z0_VLE_Soft.a E:\CW_Dev\eppc_support\Do_Not_Distribute\zen_fpemu\Src\vle_ppcsfpe.o
  00001fb6 000000 400032f6 00002566    d_x_is_NaN (entry of _d_mul) 	librt_E200z0_VLE_Soft.a E:\CW_Dev\eppc_support\Do_Not_Distribute\zen_fpemu\Src\vle_ppcsfpe.o
  00001fbc 000000 400032fc 0000256c    d_result_is_Invalid (entry of _d_mul) 	librt_E200z0_VLE_Soft.a E:\CW_Dev\eppc_support\Do_Not_Distribute\zen_fpemu\Src\vle_ppcsfpe.o
  00001fc8 000000 40003308 00002578    d_y_is_NaN (entry of _d_mul) 	librt_E200z0_VLE_Soft.a E:\CW_Dev\eppc_support\Do_Not_Distribute\zen_fpemu\Src\vle_ppcsfpe.o
  00001fe4 000000 40003324 00002594    d_result_is_x (entry of _d_mul) 	librt_E200z0_VLE_Soft.a E:\CW_Dev\eppc_support\Do_Not_Distribute\zen_fpemu\Src\vle_ppcsfpe.o
  00001fe6 000000 40003326 00002596    d_result_is_number_x (entry of _d_mul) 	librt_E200z0_VLE_Soft.a E:\CW_Dev\eppc_support\Do_Not_Distribute\zen_fpemu\Src\vle_ppcsfpe.o
  UNUSED   0000a2 ........ ........    divu_l_r3_r4_r5 librt_E200z0_VLE_Soft.a E:\CW_Dev\eppc_support\Do_Not_Distribute\zen_fpemu\Src\vle_ppcsfpe.o
  UNUSED   00010a ........ ........    _d_div librt_E200z0_VLE_Soft.a E:\CW_Dev\eppc_support\Do_Not_Distribute\zen_fpemu\Src\vle_ppcsfpe.o
  00002000 00009a 40003340 000025b0 16 f_unpack_1 	librt_E200z0_VLE_Soft.a E:\CW_Dev\eppc_support\Do_Not_Distribute\zen_fpemu\Src\vle_ppcsfpe.o
  UNUSED   000000 ........ ........    f_unpack_2 librt_E200z0_VLE_Soft.a E:\CW_Dev\eppc_support\Do_Not_Distribute\zen_fpemu\Src\vle_ppcsfpe.o
  000020a0 0000f6 400033e0 00002650 16 d_unpack_1 	librt_E200z0_VLE_Soft.a E:\CW_Dev\eppc_support\Do_Not_Distribute\zen_fpemu\Src\vle_ppcsfpe.o
  000020a8 000000 400033e8 00002658    d_unpack_2 (entry of d_unpack_1) 	librt_E200z0_VLE_Soft.a E:\CW_Dev\eppc_support\Do_Not_Distribute\zen_fpemu\Src\vle_ppcsfpe.o
  000021a0 00002e 400034e0 00002750 16 load_rounding_0x2000 	librt_E200z0_VLE_Soft.a E:\CW_Dev\eppc_support\Do_Not_Distribute\zen_fpemu\Src\vle_ppcsfpe.o
  000021a4 000000 400034e4 00002754    load_rounding_0x0200 (entry of load_rounding_0x2000) 	librt_E200z0_VLE_Soft.a E:\CW_Dev\eppc_support\Do_Not_Distribute\zen_fpemu\Src\vle_ppcsfpe.o
  000021a8 000000 400034e8 00002758    load_rounding_0x1200 (entry of load_rounding_0x2000) 	librt_E200z0_VLE_Soft.a E:\CW_Dev\eppc_support\Do_Not_Distribute\zen_fpemu\Src\vle_ppcsfpe.o
  000021ac 000000 400034ec 0000275c    load_rounding_0x0a00 (entry of load_rounding_0x2000) 	librt_E200z0_VLE_Soft.a E:\CW_Dev\eppc_support\Do_Not_Distribute\zen_fpemu\Src\vle_ppcsfpe.o
  000021b2 000000 400034f2 00002762    load_rounding_cr_simple (entry of load_rounding_0x2000) 	librt_E200z0_VLE_Soft.a E:\CW_Dev\eppc_support\Do_Not_Distribute\zen_fpemu\Src\vle_ppcsfpe.o
  UNUSED   000000 ........ ........    load_rounding_cr librt_E200z0_VLE_Soft.a E:\CW_Dev\eppc_support\Do_Not_Distribute\zen_fpemu\Src\vle_ppcsfpe.o
  000021d0 000016 40003510 00002780 16 proloque 	librt_E200z0_VLE_Soft.a E:\CW_Dev\eppc_support\Do_Not_Distribute\zen_fpemu\Src\vle_ppcsfpe.o
  000021da 000000 4000351a 0000278a    epiloque (entry of proloque) 	librt_E200z0_VLE_Soft.a E:\CW_Dev\eppc_support\Do_Not_Distribute\zen_fpemu\Src\vle_ppcsfpe.o


.rodata section layout
  Starting        Virtual  File
  address  Size   address  offset
  ---------------------------------
  00000000 00000c 40003528 00002798  1 .rodata 	__ppc_eabi_init_c.obj 
  00000000 00000c 40003528 00002798  4 @22 	__ppc_eabi_init_c.obj 
  0000000c 000004 40003538 000027a8  8 *fill*
  00000010 000958 40003538 000027a8  1 .rodata 	lcd_c.obj 
  UNUSED   000228 ........ ........    F6x8 lcd_c.obj 
  00000010 000055 40003538 000027a8  4 F14x16_Idx 	lcd_c.obj 
  00000068 000310 40003590 00002800  8 F14x16 	lcd_c.obj 
  00000378 0005f0 400038a0 00002b10  8 F8X16 	lcd_c.obj 


.ctors section layout
  Starting        Virtual  File
  address  Size   address  offset
  ---------------------------------


.dtors section layout
  Starting        Virtual  File
  address  Size   address  offset
  ---------------------------------


extab section layout
  Starting        Virtual  File
  address  Size   address  offset
  ---------------------------------


extabindex section layout
  Starting        Virtual  File
  address  Size   address  offset
  ---------------------------------


.__uninitialized_intc_handlertable section layout
  Starting        Virtual  File
  address  Size   address  offset
  ---------------------------------
  00000000 000348 40003e90 00003100  1 .__uninitialized_intc_handlertable 	IntcInterrupts_c.obj 
  00000000 000348 40003e90 00003100  8 INTCInterruptsHandlerTable 	IntcInterrupts_c.obj 


.data section layout
  Starting        Virtual  File
  address  Size   address  offset
  ---------------------------------


.sdata section layout
  Starting        Virtual  File
  address  Size   address  offset
  ---------------------------------
  00000000 000026 400041d8 00003100  1 .sdata 	init_c.obj 
  00000000 000007 400041d8 00003100  4 @386 	init_c.obj 
  00000008 000007 400041e0 00003108  4 @387 	init_c.obj 
  00000010 000007 400041e8 00003110  4 @388 	init_c.obj 
  00000018 000006 400041f0 00003118  4 @389 	init_c.obj 
  00000020 000006 400041f8 00003120  4 @390 	init_c.obj 
  00000026 000002 40004200 00003128  8 *fill*
  00000028 000030 40004200 00003128  1 .sdata 	control_c.obj 
  00000028 000006 40004200 00003128  4 data_steer_helm 	control_c.obj 
  00000030 000008 40004208 00003130  8 data_steer_helm_basement 	control_c.obj 
  UNUSED   000002 ........ ........    helm_data_record control_c.obj 
  00000038 000004 40004210 00003138  4 Motor_PWM_MAX 	control_c.obj 
  0000003c 000004 40004214 0000313c  4 Motor_PWM_MIN 	control_c.obj 
  UNUSED   000004 ........ ........    cyclespeed control_c.obj 
  UNUSED   000004 ........ ........    turnspeed control_c.obj 
  UNUSED   000004 ........ ........    straightspeed control_c.obj 
  UNUSED   000004 ........ ........    cyclespeedleft control_c.obj 
  UNUSED   000004 ........ ........    cyclespeedright control_c.obj 
  UNUSED   000004 ........ ........    Speed_kc control_c.obj 
  UNUSED   000004 ........ ........    wheel_distance control_c.obj 
  00000040 000008 40004218 00003140  8 Speed_kp_Left 	control_c.obj 
  00000048 000008 40004220 00003148  8 Speed_ki_Left 	control_c.obj 
  00000050 000008 40004228 00003150  8 Speed_kp_Right 	control_c.obj 
  UNUSED   000008 ........ ........    Speed_ki_Right control_c.obj 
  UNUSED   000002 ........ ........    @LOCAL@control_speed_encoder_pid__Fv@speed_pwm@1 control_c.obj 
  00000058 000001 40004230 00003158  1 .sdata 	WiFi_c.obj 
  00000058 000001 40004230 00003158  1 g_device_NO 	WiFi_c.obj 


.sbss section layout
  Starting        Virtual  File
  address  Size   address  offset
  ---------------------------------
  00000000 000005 40004238 00003160  1 .sbss 	video_c.obj 
  00000000 000004 40004238 00003160  4 crow 	video_c.obj 
  00000004 000001 4000423c 00003164  1 prow 	video_c.obj 
  UNUSED   000001 ........ ........    pcolumn video_c.obj 
  UNUSED   000001 ........ ........    fieldover video_c.obj 
  00000005 000003 40004240 00003168  8 *fill*
  00000008 00001c 40004240 00003168  1 .sbss 	init_c.obj 
  00000008 000004 40004240 00003168  4 Lcounter 	init_c.obj 
  0000000c 000004 40004244 0000316c  4 sending_waiter 	init_c.obj 
  00000010 000004 40004248 00003170  4 WIFICHEKER 	init_c.obj 
  00000014 000004 4000424c 00003174  4 DoorC 	init_c.obj 
  00000018 000004 40004250 00003178  4 mode 	init_c.obj 
  0000001c 000004 40004254 0000317c  4 @LOCAL@Pit_1s_L__Fv@time_counter 	init_c.obj 
  00000020 000004 40004258 00003180  4 sending_test 	init_c.obj 
  00000024 000004 40004260 00003188  8 *fill*
  00000028 000044 40004260 00003188  1 .sbss 	control_c.obj 
  UNUSED   000004 ........ ........    data_speed_settings control_c.obj 
  00000028 000004 40004260 00003188  4 g_f_pit 	control_c.obj 
  UNUSED   000004 ........ ........    g_f_enable_mag_steer_control control_c.obj 
  0000002c 000004 40004264 0000318c  4 g_f_enable_speed_control 	control_c.obj 
  UNUSED   000004 ........ ........    g_f_enable_supersonic control_c.obj 
  UNUSED   000004 ........ ........    speed control_c.obj 
  UNUSED   000004 ........ ........    g_f_big_U control_c.obj 
  UNUSED   000004 ........ ........    g_f_big_U_2 control_c.obj 
  UNUSED   000004 ........ ........    counter control_c.obj 
  UNUSED   000004 ........ ........    delay_count control_c.obj 
  00000030 000004 40004268 00003190  4 csl 	control_c.obj 
  00000034 000004 4000426c 00003194  4 csr 	control_c.obj 
  00000038 000004 40004270 00003198  4 tsl 	control_c.obj 
  0000003c 000004 40004274 0000319c  4 tsr 	control_c.obj 
  00000040 000004 40004278 000031a0  4 targetspeed 	control_c.obj 
  UNUSED   000004 ........ ........    speedcounter1 control_c.obj 
  UNUSED   000004 ........ ........    speedcounter2 control_c.obj 
  UNUSED   000004 ........ ........    speedcounter3 control_c.obj 
  UNUSED   000004 ........ ........    speedcounter4 control_c.obj 
  UNUSED   000004 ........ ........    RPID control_c.obj 
  UNUSED   000008 ........ ........    r control_c.obj 
  00000048 000008 40004280 000031a8  8 Speed_kd_Left 	control_c.obj 
  UNUSED   000008 ........ ........    Speed_kd_Right control_c.obj 
  00000050 000004 40004288 000031b0  4 ErrorLeft 	control_c.obj 
  00000054 000004 4000428c 000031b4  4 PreErrorLeft 	control_c.obj 
  UNUSED   000004 ........ ........    Pre2ErrorLeft control_c.obj 
  00000058 000004 40004290 000031b8  4 SumErrorLeft 	control_c.obj 
  0000005c 000004 40004294 000031bc  4 ErrorRight 	control_c.obj 
  00000060 000004 40004298 000031c0  4 PreErrorRight 	control_c.obj 
  UNUSED   000004 ........ ........    Pre2ErrorRight control_c.obj 
  00000064 000004 4000429c 000031c4  4 SumErrorRight 	control_c.obj 
  UNUSED   000004 ........ ........    intErrorLeft control_c.obj 
  UNUSED   000004 ........ ........    intErrorRight control_c.obj 
  UNUSED   000004 ........ ........    Pwm_Delta_Left control_c.obj 
  UNUSED   000004 ........ ........    Pwm_Delta_Right control_c.obj 
  UNUSED   000004 ........ ........    tsl_PWM control_c.obj 
  UNUSED   000004 ........ ........    tsr_PWM control_c.obj 
  UNUSED   000004 ........ ........    tsr_Delta control_c.obj 
  UNUSED   000004 ........ ........    error_Delta control_c.obj 
  UNUSED   000002 ........ ........    @LOCAL@control_speed_encoder_pid__Fv@e1 control_c.obj 
  UNUSED   000002 ........ ........    @LOCAL@control_speed_encoder_pid__Fv@e2@0 control_c.obj 
  UNUSED   000004 ........ ........    tmp_b control_c.obj 
  UNUSED   000004 ........ ........    tmp_a control_c.obj 
  00000068 000004 400042a0 000031c8  4 g_time_basis_PIT 	control_c.obj 
  0000006c 000004 400042a8 000031d0  8 *fill*
  00000070 000008 400042a8 000031d0  1 .sbss 	action_c.obj 
  UNUSED   000008 ........ ........    data_punctured_ballon action_c.obj 
  UNUSED   000004 ........ ........    flag_5_2 action_c.obj 
  UNUSED   000004 ........ ........    flag_c_2_2 action_c.obj 
  UNUSED   000004 ........ ........    flag_c_4_1 action_c.obj 
  UNUSED   000004 ........ ........    flag_c_4_2 action_c.obj 
  UNUSED   000001 ........ ........    Road_num action_c.obj 
  UNUSED   000004 ........ ........    Car_Stop action_c.obj 
  00000070 000004 400042a8 000031d0  4 Door_Status 	action_c.obj 
  00000074 000004 400042ac 000031d4  4 Door_Stop 	action_c.obj 
  UNUSED   000004 ........ ........    Car_Psg action_c.obj 
  UNUSED   000004 ........ ........    Door_Open action_c.obj 
  UNUSED   000004 ........ ........    Light_2_Ctrl action_c.obj 
  UNUSED   000004 ........ ........    Door_Delay action_c.obj 
  UNUSED   000004 ........ ........    Door_Close action_c.obj 
  UNUSED   000004 ........ ........    Door_Close_Run action_c.obj 
  UNUSED   000004 ........ ........    g_f_red action_c.obj 
  UNUSED   000004 ........ ........    bz action_c.obj 
  UNUSED   000004 ........ ........    right action_c.obj 
  UNUSED   000004 ........ ........    current_place action_c.obj 
  UNUSED   000004 ........ ........    used action_c.obj 
  UNUSED   000004 ........ ........    Leftturn action_c.obj 
  UNUSED   000004 ........ ........    Rightturn action_c.obj 
  UNUSED   000004 ........ ........    Had_turn action_c.obj 
  UNUSED   000004 ........ ........    up action_c.obj 
  UNUSED   000004 ........ ........    Game_over action_c.obj 
  UNUSED   000004 ........ ........    Emergency action_c.obj 
  UNUSED   000004 ........ ........    Hold_a action_c.obj 
  UNUSED   000004 ........ ........    Hold_b action_c.obj 
  UNUSED   000004 ........ ........    out action_c.obj 
  UNUSED   000004 ........ ........    last5 action_c.obj 
  UNUSED   000004 ........ ........    last4 action_c.obj 
  UNUSED   000004 ........ ........    last3 action_c.obj 
  UNUSED   000004 ........ ........    last2 action_c.obj 
  UNUSED   000004 ........ ........    last1 action_c.obj 
  00000078 000009 400042b0 000031d8  1 .sbss 	WiFi_c.obj 
  00000078 000004 400042b0 000031d8  4 g_remote_frame_state 	WiFi_c.obj 
  0000007c 000004 400042b4 000031dc  4 g_remote_frame_cnt 	WiFi_c.obj 
  UNUSED   000004 ........ ........    g_start_all WiFi_c.obj 
  UNUSED   000002 ........ ........    response_data WiFi_c.obj 
  UNUSED   000004 ........ ........    Car_Waitfororder WiFi_c.obj 
  UNUSED   000004 ........ ........    Light_Status WiFi_c.obj 
  UNUSED   000004 ........ ........    Traffic_Jam WiFi_c.obj 
  UNUSED   000004 ........ ........    End WiFi_c.obj 
  UNUSED   000001 ........ ........    waiting_for_response WiFi_c.obj 
  UNUSED   000004 ........ ........    lost_data WiFi_c.obj 
  UNUSED   000004 ........ ........    right_turn WiFi_c.obj 
  UNUSED   000004 ........ ........    left_turn WiFi_c.obj 
  UNUSED   000004 ........ ........    straight_drive WiFi_c.obj 
  UNUSED   000004 ........ ........    car_stop WiFi_c.obj 
  UNUSED   000004 ........ ........    car_go_back WiFi_c.obj 
  UNUSED   000004 ........ ........    speed_change WiFi_c.obj 
  UNUSED   000004 ........ ........    car_turn_around WiFi_c.obj 
  UNUSED   000004 ........ ........    uturn WiFi_c.obj 
  UNUSED   000004 ........ ........    target_lost WiFi_c.obj 
  UNUSED   000004 ........ ........    message_received WiFi_c.obj 
  UNUSED   000004 ........ ........    target_access WiFi_c.obj 
  UNUSED   000004 ........ ........    target_near WiFi_c.obj 
  UNUSED   000004 ........ ........    barrier_left_detected WiFi_c.obj 
  UNUSED   000004 ........ ........    barrier_right_detected WiFi_c.obj 
  UNUSED   000004 ........ ........    stuck1 WiFi_c.obj 
  UNUSED   000004 ........ ........    stuck2 WiFi_c.obj 
  UNUSED   000004 ........ ........    barrier_offset WiFi_c.obj 
  UNUSED   000008 ........ ........    light_offset WiFi_c.obj 
  UNUSED   000004 ........ ........    yanshi WiFi_c.obj 
  UNUSED   000004 ........ ........    count WiFi_c.obj 
  UNUSED   000004 ........ ........    message_num1 WiFi_c.obj 
  UNUSED   000004 ........ ........    test_pid WiFi_c.obj 
  UNUSED   000004 ........ ........    angle WiFi_c.obj 
  UNUSED   000004 ........ ........    light_distance WiFi_c.obj 
  UNUSED   000004 ........ ........    light_angle WiFi_c.obj 
  UNUSED   000002 ........ ........    steer_rate WiFi_c.obj 
  UNUSED   000002 ........ ........    angle_rate WiFi_c.obj 
  UNUSED   000002 ........ ........    speed_number WiFi_c.obj 
  UNUSED   000002 ........ ........    low9 WiFi_c.obj 
  UNUSED   000002 ........ ........    high9 WiFi_c.obj 
  UNUSED   000002 ........ ........    low8 WiFi_c.obj 
  UNUSED   000002 ........ ........    high8 WiFi_c.obj 
  UNUSED   000002 ........ ........    sending_data WiFi_c.obj 
  UNUSED   000002 ........ ........    cmd_WIFI WiFi_c.obj 
  UNUSED   000001 ........ ........    des WiFi_c.obj 
  00000080 000001 400042b8 000031e0  1 g_device_NO_Hex 	WiFi_c.obj 
  UNUSED   000004 ........ ........    order_received WiFi_c.obj 
  UNUSED   000004 ........ ........    have_responsed WiFi_c.obj 
  00000081 000007 400042c0 000031e8  8 *fill*
  00000088 000005 400042c0 000031e8  1 .sbss 	UART_c.obj 
  UNUSED   000004 ........ ........    lenth UART_c.obj 
  00000088 000004 400042c0 000031e8  4 g_serial_port_0_f 	UART_c.obj 
  UNUSED   000004 ........ ........    g_serial_port_1_f UART_c.obj 
  UNUSED   000004 ........ ........    @LOCAL@rev_remote_frame_44__FUc@shuzi UART_c.obj 
  UNUSED   000002 ........ ........    @LOCAL@rev_remote_frame_44__FUc@high@0 UART_c.obj 
  UNUSED   000002 ........ ........    @LOCAL@rev_remote_frame_44__FUc@low@1 UART_c.obj 
  UNUSED   000001 ........ ........    g_serial_port_1_data UART_c.obj 
  0000008c 000001 400042c4 000031ec  1 g_serial_port_0_data 	UART_c.obj 
  UNUSED   000001 ........ ........    status UART_c.obj 
  0000008d 000003 400042c8 000031f0  8 *fill*
  00000090 000008 400042c8 000031f0  1 .sbss 	libc_E200z0_VLE_Soft.a D:\w\EPPC\workspace_codegen\ewl\EWL_C\EWL_C.PA_CmdLineData\libc_E200z0_VLE_Soft\obj\abort_exit.o
  UNUSED   000004 ........ ........    __atexit_curr_func_C libc_E200z0_VLE_Soft.a D:\w\EPPC\workspace_codegen\ewl\EWL_C\EWL_C.PA_CmdLineData\libc_E200z0_VLE_Soft\obj\abort_exit.o
  00000090 000004 400042c8 000031f0  4 __stdio_exit 	libc_E200z0_VLE_Soft.a D:\w\EPPC\workspace_codegen\ewl\EWL_C\EWL_C.PA_CmdLineData\libc_E200z0_VLE_Soft\obj\abort_exit.o
  00000094 000004 400042cc 000031f4  4 __console_exit 	libc_E200z0_VLE_Soft.a D:\w\EPPC\workspace_codegen\ewl\EWL_C\EWL_C.PA_CmdLineData\libc_E200z0_VLE_Soft\obj\abort_exit.o
  00000098 000004 400042d0 000031f8  1 .sbss 	librt_E200z0_VLE_Soft.a D:\w\EPPC\workspace_codegen\ewl\EWL_Runtime\Runtime_PA_CmdLineData\librt_E200z0_VLE_Soft\obj\global_destructor_chain.o
  UNUSED   000004 ........ ........    atexit_curr_func librt_E200z0_VLE_Soft.a D:\w\EPPC\workspace_codegen\ewl\EWL_Runtime\Runtime_PA_CmdLineData\librt_E200z0_VLE_Soft\obj\global_destructor_chain.o
  00000098 000004 400042d0 000031f8  4 __global_destructor_chain 	librt_E200z0_VLE_Soft.a D:\w\EPPC\workspace_codegen\ewl\EWL_Runtime\Runtime_PA_CmdLineData\librt_E200z0_VLE_Soft\obj\global_destructor_chain.o


.sdata2 section layout
  Starting        Virtual  File
  address  Size   address  offset
  ---------------------------------


.sbss2 section layout
  Starting        Virtual  File
  address  Size   address  offset
  ---------------------------------


.bss section layout
  Starting        Virtual  File
  address  Size   address  offset
  ---------------------------------
  00000000 00000a 400042d8 00003160  1 .bss 	control_c.obj 
  00000000 00000a 400042d8 00003160  4 data_encoder 	control_c.obj 
  UNUSED   000014 ........ ........    RFID_site_data control_c.obj 
  0000000a 000006 400042e8 00003170  8 *fill*
  00000010 00000a 400042e8 00003170  1 .bss 	WiFi_c.obj 
  UNUSED   00000c ........ ........    g_remote_control_flags WiFi_c.obj 
  UNUSED   00000c ........ ........    g_net_control_data WiFi_c.obj 
  UNUSED   00000a ........ ........    light_angle1 WiFi_c.obj 
  UNUSED   00000a ........ ........    light_distance1 WiFi_c.obj 
  UNUSED   00000a ........ ........    remote_frame_data_send WiFi_c.obj 
  00000010 00000a 400042e8 00003170  4 remote_frame_data 	WiFi_c.obj 
  0000001a 000006 400042f8 00003180  8 *fill*
  00000020 000004 400042f8 00003180  1 .bss 	librt_E200z0_VLE_Soft.a E:\CW_Dev\eppc_support\Do_Not_Distribute\zen_fpemu\Src\vle_ppcsfpe.o
  00000020 000004 400042f8 00003180  4 __SoftFPSCR 	librt_E200z0_VLE_Soft.a E:\CW_Dev\eppc_support\Do_Not_Distribute\zen_fpemu\Src\vle_ppcsfpe.o


Memory map:
                       Starting Size     File       S-Record
                       address           Offset     Line
    .ivor_branch_table 40000000 000000f4 00000180          2
  .intc_hw_branch_table 400000f4 00000000 00000274          0
                 .init 40001000 00000080 00000274         15
             .init_vle 40001080 00000208 000002f4         22
  .__exception_handlers 40001290 000000a4 00000500         48
                 .text 40001334 00000000 000005b0          0
             .text_vle 40001340 000021e8 000005b0         57
               .rodata 40003528 00000968 00002798        491
                .ctors 40003e90 00000000 00003100          0
                .dtors 40003e90 00000000 00003100          0
                 extab 40003e90 00000000 00003100          0
            extabindex 40003e90 00000000 00003100          0
  .__uninitialized_intc_handlertable 40003e90 00000348 00003100          0
                 .data 400041d8 00000000 00003100          0
                .sdata 400041d8 0000005c 00003100        612
                 .sbss 40004238 0000009c 00003160          0
               .sdata2 400042d4 00000000 00003160          0
                .sbss2 400042d4 00000000 00003160          0
                  .bss 400042d8 00000024 00003160          0
      .PPC.EMB.apuinfo 0000a228 00000000 0000d390          0
         .debug_abbrev          0000014d 00003160
           .debug_info          00002a8a 000032ad
           .debug_line          00004851 00005d37
            .debug_loc          0000082f 0000a588
       .debug_pubnames          00000919 0000adb7


Linker generated symbols:
       EXCEPTION_HANDLERS 40000000
     _f_ivor_branch_table 40000000
 _f_ivor_branch_table_rom 40000000
     _e_ivor_branch_table 400000f4
  _f_intc_hw_branch_table 400000f4
_f_intc_hw_branch_table_rom 40000800
  _e_intc_hw_branch_table 400000f4
                  _f_init 40001000
              _f_init_rom 40001000
                  _e_init 40001080
              _f_init_vle 40001080
          _f_init_vle_rom 40001080
              _e_init_vle 40001288
  _f___exception_handlers 40001290
_f___exception_handlers_rom 40001290
  _e___exception_handlers 40001334
                  _f_text 40001334
              _f_text_rom 40001340
                  _e_text 40001334
              _f_text_vle 40001340
          _f_text_vle_rom 40001340
              _e_text_vle 40003528
                _f_rodata 40003528
            _f_rodata_rom 40003528
                _e_rodata 40003e90
                 _f_ctors 40003e90
             _f_ctors_rom 40003e90
                 _e_ctors 40003e90
                 _f_dtors 40003e90
             _f_dtors_rom 40003e90
                 _e_dtors 40003e90
                  _fextab 40003e90
              _fextab_rom 40003e90
                  _eextab 40003e90
             _fextabindex 40003e90
         _fextabindex_rom 40003e90
             _eextabindex 40003e90
_f___uninitialized_intc_handlertable 40003e90
_e___uninitialized_intc_handlertable 400041d8
                  _f_data 400041d8
              _f_data_rom 400041d8
                  _e_data 400041d8
                 _f_sdata 400041d8
             _f_sdata_rom 400041d8
                 _e_sdata 40004234
                  _f_sbss 40004238
                  _e_sbss 400042d4
                _f_sdata2 400042d4
            _f_sdata2_rom 400042d8
                _e_sdata2 400042d4
                 _f_sbss2 400042d4
                 _e_sbss2 400042d4
                   _f_bss 400042d8
                   _e_bss 400042fc
              _stack_addr 40008000
               _stack_end 40007800
               _heap_addr 40007000
                _heap_end 40007800
             _nbfunctions 00000046
           SIZEOF_HEADERS 00000180
               _SDA_BASE_ 4000c1d8
              _SDA2_BASE_ 4000c2d4
           _ABS_SDA_BASE_ 4000c1d8
          _ABS_SDA2_BASE_ 4000c2d4
                 _SP_INIT 40008000
             __HEAP_START 40007000
              __mem_limit 40007800
           __stack_safety 00000010
